W/ContextImpl(  471): Calling a method in the system process without a qualified user: android.app.ContextImpl.sendBroadcast:1138 com.android.server.WiredAccessoryManager$WiredAccessoryObserver.onUEvent:483 android.os.UEventObserver$UEventThread.sendEvent:210 android.os.UEventObserver$UEventThread.run:187 <bottom of call stack> 
W/Vold    (  133): subsystem found in netlink event
D/Vold    (  133): usb, 1
D/Vold    (  133): == current usb device: 046D/082D ===
W/Vold    (  133): subsystem found in netlink event
D/Vold    (  133): usb, 1
W/Vold    (  133): subsystem found in netlink event
D/Vold    (  133): usb, 1
W/Vold    (  133): subsystem found in netlink event
D/Vold    (  133): usb, 1
V/WiredAccessoryManager(  471): Headset UEVENT: {SUBSYSTEM=switch, SWITCH_STATE=40, DEVPATH=/devices/virtual/switch/usb_audio_capture, SEQNUM=1571, ACTION=change, SWITCH_NAME=usb_audio_capture}
V/WiredAccessoryManager(  471): cardDeviceName: card=4;device=0
W/Vold    (  133): subsystem found in netlink event
D/Vold    (  133): usb, 1
W/ContextImpl(  471): Calling a method in the system process without a qualified user: android.app.ContextImpl.sendBroadcast:1138 com.android.server.usb.UsbSettingsManager.deviceAttached:621 com.android.server.usb.UsbHostManager.usbDeviceAdded:156 com.android.server.usb.UsbHostManager.monitorUsbHostBus:-2 com.android.server.usb.UsbHostManager.access$000:38 
W/ContextImpl(  471): Calling a method in the system process without a qualified user: android.app.ContextImpl.sendBroadcast:1138 com.android.server.WiredAccessoryManager$WiredAccessoryObserver.onUEvent:483 android.os.UEventObserver$UEventThread.sendEvent:210 android.os.UEventObserver$UEventThread.run:187 <bottom of call stack> 
I/ActivityManager(  471): START u0 {flg=0x10200000 cmp=com.android.systemui/.recent.RecentsActivity} from pid 471
I/ActivityManager(  471): START u0 {flg=0x10200000 cmp=com.android.systemui/.recent.RecentsActivity} from pid 471
I/ActivityManager(  471): Process com.cloudroom.CloudMeeting (pid 4266) has died.
I/WindowState(  471): WIN DEATH: Window{41e09c40 u0 SurfaceView}
W/ActivityManager(  471): Force removing ActivityRecord{41a97dc0 u0 com.cloudroom.CloudMeeting/.MainActivity t5}: app died, no saved state
I/WindowState(  471): WIN DEATH: Window{41c7dfa8 u0 com.cloudroom.CloudMeeting/com.cloudroom.CloudMeeting.MainActivity}
W/WindowManager(  471): Force-removing child win Window{41b21948 u0 SurfaceView} from container Window{41c7dfa8 u0 com.cloudroom.CloudMeeting/com.cloudroom.CloudMeeting.MainActivity}
W/WindowManager(  471): Failed looking up window
W/WindowManager(  471): java.lang.IllegalArgumentException: Requested window android.os.BinderProxy@41af3570 does not exist
W/WindowManager(  471): 	at com.android.server.wm.WindowManagerService.windowForClientLocked(WindowManagerService.java:8232)
W/WindowManager(  471): 	at com.android.server.wm.WindowManagerService.windowForClientLocked(WindowManagerService.java:8223)
W/WindowManager(  471): 	at com.android.server.wm.WindowState$DeathRecipient.binderDied(WindowState.java:1047)
W/WindowManager(  471): 	at android.os.BinderProxy.sendDeathNotice(Binder.java:493)
W/WindowManager(  471): 	at dalvik.system.NativeStart.run(Native Method)
I/WindowState(  471): WIN DEATH: null
W/InputMethodManagerService(  471): Got RemoteException sending setActive(false) notification to pid 4266 uid 10075
I/ActivityManager(  471): START u0 {flg=0x10000000 cmp=com.cloudroom.qmartad/.activity.MainActivity} from pid 4187
I/ActivityManager(  471): START u0 {flg=0x10200000 cmp=com.android.systemui/.recent.RecentsActivity} from pid 471
I/ActivityManager(  471): START u0 {act=MeetingTool.ACTION_START_MEETING_CLOUDROOM flg=0x10104000 cmp=com.cloudroom.CloudMeeting/.MainActivity (has extras)} from pid 545
I/ActivityManager(  471): Start proc com.cloudroom.CloudMeeting for activity com.cloudroom.CloudMeeting/.MainActivity: pid=4557 uid=10075 gids={50075, 3003, 1028, 1015}
I/ActivityManager(  471): moveTaskToBack: 6
D/ConnectivityService(  471): Sampling interval elapsed, updating statistics ..
D/ConnectivityService(  471): Done.
D/ConnectivityService(  471): Setting timer for 720seconds
W/FileUtils( 1619): Failed to chmod(/mnt/internal_sd/baidu/pushservice/database/pushstat_4.1.1.107.db): libcore.io.ErrnoException: chmod failed: EPERM (Operation not permitted)
I/ActivityManager(  471): Delay finish: com.google.android.googlequicksearchbox/com.google.android.search.core.summons.icing.InternalIcingCorporaProvider$CorporaChangedReceiver
I/ActivityManager(  471): Resuming delayed broadcast
I/ActivityManager(  471): Delay finish: com.android.gallery3d/.app.PackagesMonitor
I/ActivityManager(  471): Resuming delayed broadcast
W/Vold    (  133): subsystem found in netlink event
D/Vold    (  133): usb, 1
D/Vold    (  133): == current usb device: 09DA/054F ===
W/Vold    (  133): subsystem found in netlink event
D/Vold    (  133): usb, 1
W/Vold    (  133): subsystem found in netlink event
D/Vold    (  133): usb, 1
I/ActivityManager(  471): Process com.cloudroom.CloudMeeting (pid 4557) has died.
I/WindowState(  471): WIN DEATH: Window{41c0c908 u0 com.cloudroom.CloudMeeting/com.cloudroom.CloudMeeting.MainActivity}
W/WindowManager(  471): Force-removing child win Window{41c9c410 u0 SurfaceView} from container Window{41c0c908 u0 com.cloudroom.CloudMeeting/com.cloudroom.CloudMeeting.MainActivity}
W/WindowManager(  471): Force-removing child win Window{41c0e000 u0 SurfaceView} from container Window{41c0c908 u0 com.cloudroom.CloudMeeting/com.cloudroom.CloudMeeting.MainActivity}
W/WindowManager(  471): Failed looking up window
W/WindowManager(  471): java.lang.IllegalArgumentException: Requested window android.os.BinderProxy@41c3c4d8 does not exist
W/WindowManager(  471): 	at com.android.server.wm.WindowManagerService.windowForClientLocked(WindowManagerService.java:8232)
W/WindowManager(  471): 	at com.android.server.wm.WindowManagerService.windowForClientLocked(WindowManagerService.java:8223)
W/WindowManager(  471): 	at com.android.server.wm.WindowState$DeathRecipient.binderDied(WindowState.java:1047)
W/WindowManager(  471): 	at android.os.BinderProxy.sendDeathNotice(Binder.java:493)
W/WindowManager(  471): 	at dalvik.system.NativeStart.run(Native Method)
I/WindowState(  471): WIN DEATH: null
W/WindowManager(  471): Failed looking up window
W/WindowManager(  471): java.lang.IllegalArgumentException: Requested window android.os.BinderProxy@41705418 does not exist
W/WindowManager(  471): 	at com.android.server.wm.WindowManagerService.windowForClientLocked(WindowManagerService.java:8232)
W/WindowManager(  471): 	at com.android.server.wm.WindowManagerService.windowForClientLocked(WindowManagerService.java:8223)
W/WindowManager(  471): 	at com.android.server.wm.WindowState$DeathRecipient.binderDied(WindowState.java:1047)
W/WindowManager(  471): 	at android.os.BinderProxy.sendDeathNotice(Binder.java:493)
W/WindowManager(  471): 	at dalvik.system.NativeStart.run(Native Method)
I/WindowState(  471): WIN DEATH: null
I/WindowState(  471): WIN DEATH: Window{41aa3968 u0 com.cloudroom.CLOUDROOMMgr/com.cloudroom.MeetingMgr.MeetingMgrActivity}
W/WindowManager(  471): Force-removing child win Window{41cac158 u0 SurfaceView} from container Window{41aa3968 u0 com.cloudroom.CLOUDROOMMgr/com.cloudroom.MeetingMgr.MeetingMgrActivity}
I/ActivityManager(  471): Process com.cloudroom.CLOUDROOMMgr (pid 682) has died.
W/ActivityManager(  471): Force removing ActivityRecord{4194c5e0 u0 com.cloudroom.CLOUDROOMMgr/com.cloudroom.MeetingMgr.MeetingMgrActivity t1}: app died, no saved state
W/WindowManager(  471): Failed looking up window
W/WindowManager(  471): java.lang.IllegalArgumentException: Requested window android.os.BinderProxy@41cabed8 does not exist
W/WindowManager(  471): 	at com.android.server.wm.WindowManagerService.windowForClientLocked(WindowManagerService.java:8232)
W/WindowManager(  471): 	at com.android.server.wm.WindowManagerService.windowForClientLocked(WindowManagerService.java:8223)
W/WindowManager(  471): 	at com.android.server.wm.WindowState$DeathRecipient.binderDied(WindowState.java:1047)
W/WindowManager(  471): 	at android.os.BinderProxy.sendDeathNotice(Binder.java:493)
W/WindowManager(  471): 	at dalvik.system.NativeStart.run(Native Method)
I/WindowState(  471): WIN DEATH: null
W/InputMethodManagerService(  471): Got RemoteException sending setActive(false) notification to pid 682 uid 10074
I/ActivityManager(  471): START u0 {act=android.intent.action.MAIN cat=[android.intent.category.HOME] flg=0x10000000 cmp=com.cloudroom.CLOUDROOMMgr/com.cloudroom.MeetingMgr.MeetingMgrActivity} from pid 0
I/ActivityManager(  471): Start proc com.cloudroom.CLOUDROOMMgr for activity com.cloudroom.CLOUDROOMMgr/com.cloudroom.MeetingMgr.MeetingMgrActivity: pid=22976 uid=10074 gids={50074, 3003, 1028, 1015}
W/InputMethodManagerService(  471): Starting input on non-focused client com.android.internal.view.IInputMethodClient$Stub$Proxy@41718648 (uid=10011 pid=545)
I/ActivityManager(  471): START u0 {act=MeetingTool.ACTION_START_MEETING_CLOUDROOM flg=0x10000000 cmp=com.cloudroom.CloudMeeting/.MainActivity (has extras)} from pid 22976
I/ActivityManager(  471): START u0 {flg=0x10000000 cmp=com.cloudroom.qmartad/.activity.MainActivity} from pid 4187
I/ActivityManager(  471): START u0 {act=android.intent.action.MAIN cat=[android.intent.category.HOME] flg=0x10200000 cmp=com.cloudroom.CLOUDROOMMgr/com.cloudroom.MeetingMgr.MeetingMgrActivity} from pid 471
I/ActivityManager(  471): START u0 {flg=0x10000000 cmp=com.cloudroom.qmartad/.activity.MainActivity} from pid 4187
W/ActivityManager(  471): Activity start request from 10076 stopped
I/ActivityManager(  471): START u0 {act=android.intent.action.MAIN cat=[android.intent.category.HOME] flg=0x10200000 cmp=com.cloudroom.CLOUDROOMMgr/com.cloudroom.MeetingMgr.MeetingMgrActivity} from pid 471
I/ActivityManager(  471): START u0 {act=MeetingTool.ACTION_START_MEETING_CLOUDROOM flg=0x10000000 cmp=com.cloudroom.CloudMeeting/.MainActivity (has extras)} from pid 22976
I/ActivityManager(  471): START u0 {flg=0x10000000 cmp=com.cloudroom.qmartad/.activity.MainActivity} from pid 4187
I/ActivityManager(  471): START u0 {act=android.intent.action.MAIN cat=[android.intent.category.HOME] flg=0x10200000 cmp=com.cloudroom.CLOUDROOMMgr/com.cloudroom.MeetingMgr.MeetingMgrActivity} from pid 471
I/ActivityManager(  471): START u0 {act=MeetingTool.ACTION_START_MEETING_CLOUDROOM flg=0x10000000 cmp=com.cloudroom.CloudMeeting/.MainActivity (has extras)} from pid 22976
I/ActivityManager(  471): Start proc com.cloudroom.CloudMeeting for activity com.cloudroom.CloudMeeting/.MainActivity: pid=23056 uid=10075 gids={50075, 3003, 1028, 1015}
I/ActivityManager(  471): START u0 {flg=0x10000000 cmp=com.cloudroom.qmartad/.activity.MainActivity} from pid 4187
I/ActivityManager(  471): START u0 {act=com.android.systemui.recent.action.TOGGLE_RECENTS flg=0x10800000 cmp=com.android.systemui/.recent.RecentsActivity (has extras)} from pid 545
I/ActivityManager(  471): START u0 {flg=0x10000000 cmp=com.cloudroom.qmartad/.activity.MainActivity} from pid 4187
I/ActivityManager(  471): Process com.cloudroom.CloudMeeting (pid 23056) has died.
W/ActivityManager(  471): Force removing ActivityRecord{41b039e8 u0 com.cloudroom.CloudMeeting/.MainActivity t6}: app died, no saved state
I/WindowState(  471): WIN DEATH: Window{41c64de0 u0 com.cloudroom.CloudMeeting/com.cloudroom.CloudMeeting.MainActivity}
W/WindowManager(  471): Force-removing child win Window{41c0c908 u0 SurfaceView} from container Window{41c64de0 u0 com.cloudroom.CloudMeeting/com.cloudroom.CloudMeeting.MainActivity}
W/WindowManager(  471): Force-removing child win Window{41de77a0 u0 SurfaceView} from container Window{41c64de0 u0 com.cloudroom.CloudMeeting/com.cloudroom.CloudMeeting.MainActivity}
W/WindowManager(  471): Failed looking up window
W/WindowManager(  471): java.lang.IllegalArgumentException: Requested window android.os.BinderProxy@41aec910 does not exist
W/WindowManager(  471): 	at com.android.server.wm.WindowManagerService.windowForClientLocked(WindowManagerService.java:8232)
W/WindowManager(  471): 	at com.android.server.wm.WindowManagerService.windowForClientLocked(WindowManagerService.java:8223)
W/WindowManager(  471): 	at com.android.server.wm.WindowState$DeathRecipient.binderDied(WindowState.java:1047)
W/WindowManager(  471): 	at android.os.BinderProxy.sendDeathNotice(Binder.java:493)
W/WindowManager(  471): 	at dalvik.system.NativeStart.run(Native Method)
I/WindowState(  471): WIN DEATH: null
W/WindowManager(  471): Failed looking up window
W/WindowManager(  471): java.lang.IllegalArgumentException: Requested window android.os.BinderProxy@41b9e978 does not exist
W/WindowManager(  471): 	at com.android.server.wm.WindowManagerService.windowForClientLocked(WindowManagerService.java:8232)
W/WindowManager(  471): 	at com.android.server.wm.WindowManagerService.windowForClientLocked(WindowManagerService.java:8223)
W/WindowManager(  471): 	at com.android.server.wm.WindowState$DeathRecipient.binderDied(WindowState.java:1047)
W/WindowManager(  471): 	at android.os.BinderProxy.sendDeathNotice(Binder.java:493)
W/WindowManager(  471): 	at dalvik.system.NativeStart.run(Native Method)
I/WindowState(  471): WIN DEATH: null
I/ActivityManager(  471): START u0 {act=com.android.systemui.recent.action.TOGGLE_RECENTS flg=0x10800000 cmp=com.android.systemui/.recent.RecentsActivity (has extras)} from pid 545
I/ActivityManager(  471): START u0 {act=MeetingTool.ACTION_START_MEETING_CLOUDROOM flg=0x10000000 cmp=com.cloudroom.CloudMeeting/.MainActivity (has extras)} from pid 22976
I/ActivityManager(  471): Start proc com.cloudroom.CloudMeeting for activity com.cloudroom.CloudMeeting/.MainActivity: pid=23112 uid=10075 gids={50075, 3003, 1028, 1015}
I/ActivityManager(  471): moveTaskToBack: 9
I/ActivityManager(  471): START u0 {flg=0x10000000 cmp=com.cloudroom.qmartad/.activity.MainActivity} from pid 4187
I/ActivityManager(  471): START u0 {act=com.android.systemui.recent.action.TOGGLE_RECENTS flg=0x10800000 cmp=com.android.systemui/.recent.RecentsActivity (has extras)} from pid 545
I/ActivityManager(  471): START u0 {act=com.android.systemui.recent.action.TOGGLE_RECENTS flg=0x10800000 cmp=com.android.systemui/.recent.RecentsActivity (has extras)} from pid 545
I/ActivityManager(  471): START u0 {act=android.intent.action.MAIN cat=[android.intent.category.HOME] flg=0x10200000 cmp=com.cloudroom.CLOUDROOMMgr/com.cloudroom.MeetingMgr.MeetingMgrActivity} from pid 471
I/ActivityManager(  471): START u0 {flg=0x10000000 cmp=com.cloudroom.qmartad/.activity.MainActivity} from pid 4187
I/ActivityManager(  471): Process com.cloudroom.CloudMeeting (pid 23112) has died.
I/WindowState(  471): WIN DEATH: Window{41c0c908 u0 SurfaceView}
I/WindowState(  471): WIN DEATH: Window{41bf2d10 u0 com.cloudroom.CloudMeeting/com.cloudroom.CloudMeeting.MainActivity}
W/WindowManager(  471): Force-removing child win Window{41c9c410 u0 SurfaceView} from container Window{41bf2d10 u0 com.cloudroom.CloudMeeting/com.cloudroom.CloudMeeting.MainActivity}
W/WindowManager(  471): Failed looking up window
W/WindowManager(  471): java.lang.IllegalArgumentException: Requested window android.os.BinderProxy@41f6d700 does not exist
W/WindowManager(  471): 	at com.android.server.wm.WindowManagerService.windowForClientLocked(WindowManagerService.java:8232)
W/WindowManager(  471): 	at com.android.server.wm.WindowManagerService.windowForClientLocked(WindowManagerService.java:8223)
W/WindowManager(  471): 	at com.android.server.wm.WindowState$DeathRecipient.binderDied(WindowState.java:1047)
W/WindowManager(  471): 	at android.os.BinderProxy.sendDeathNotice(Binder.java:493)
W/WindowManager(  471): 	at dalvik.system.NativeStart.run(Native Method)
I/WindowState(  471): WIN DEATH: null
I/ActivityManager(  471): START u0 {act=MeetingTool.ACTION_START_MEETING_CLOUDROOM flg=0x10000000 cmp=com.cloudroom.CloudMeeting/.MainActivity (has extras)} from pid 22976
I/ActivityManager(  471): Start proc com.cloudroom.CloudMeeting for activity com.cloudroom.CloudMeeting/.MainActivity: pid=23275 uid=10075 gids={50075, 3003, 1028, 1015}
I/ActivityManager(  471): moveTaskToBack: 9
I/ActivityManager(  471): Delay finish: com.google.android.googlequicksearchbox/com.google.android.search.core.summons.icing.InternalIcingCorporaProvider$CorporaChangedReceiver
I/ActivityManager(  471): Resuming delayed broadcast
I/ActivityManager(  471): Delay finish: com.google.android.googlequicksearchbox/.GelStubAppWatcher
I/ActivityManager(  471): Resuming delayed broadcast
I/ActivityManager(  471): Delay finish: com.android.gallery3d/.app.PackagesMonitor
I/ActivityManager(  471): Resuming delayed broadcast
I/ActivityManager(  471): Waited long enough for: ServiceRecord{41f68e38 u0 com.google.android.gms/.checkin.CheckinService}
I/ActivityManager(  471): Process com.cloudroom.CloudMeeting (pid 23275) has died.
I/WindowState(  471): WIN DEATH: Window{41f58cb8 u0 com.cloudroom.CloudMeeting/com.cloudroom.CloudMeeting.MainActivity}
W/WindowManager(  471): Force-removing child win Window{41a6ce48 u0 SurfaceView} from container Window{41f58cb8 u0 com.cloudroom.CloudMeeting/com.cloudroom.CloudMeeting.MainActivity}
W/WindowManager(  471): Force-removing child win Window{41fc5be0 u0 SurfaceView} from container Window{41f58cb8 u0 com.cloudroom.CloudMeeting/com.cloudroom.CloudMeeting.MainActivity}
W/WindowManager(  471): Failed looking up window
W/WindowManager(  471): java.lang.IllegalArgumentException: Requested window android.os.BinderProxy@41f722c0 does not exist
W/WindowManager(  471): 	at com.android.server.wm.WindowManagerService.windowForClientLocked(WindowManagerService.java:8232)
W/WindowManager(  471): 	at com.android.server.wm.WindowManagerService.windowForClientLocked(WindowManagerService.java:8223)
W/WindowManager(  471): 	at com.android.server.wm.WindowState$DeathRecipient.binderDied(WindowState.java:1047)
W/WindowManager(  471): 	at android.os.BinderProxy.sendDeathNotice(Binder.java:493)
W/WindowManager(  471): 	at dalvik.system.NativeStart.run(Native Method)
I/WindowState(  471): WIN DEATH: null
W/WindowManager(  471): Failed looking up window
W/WindowManager(  471): java.lang.IllegalArgumentException: Requested window android.os.BinderProxy@41fc5778 does not exist
W/WindowManager(  471): 	at com.android.server.wm.WindowManagerService.windowForClientLocked(WindowManagerService.java:8232)
W/WindowManager(  471): 	at com.android.server.wm.WindowManagerService.windowForClientLocked(WindowManagerService.java:8223)
W/WindowManager(  471): 	at com.android.server.wm.WindowState$DeathRecipient.binderDied(WindowState.java:1047)
W/WindowManager(  471): 	at android.os.BinderProxy.sendDeathNotice(Binder.java:493)
W/WindowManager(  471): 	at dalvik.system.NativeStart.run(Native Method)
I/WindowState(  471): WIN DEATH: null
I/ActivityManager(  471): START u0 {act=MeetingTool.ACTION_START_MEETING_CLOUDROOM flg=0x10000000 cmp=com.cloudroom.CloudMeeting/.MainActivity (has extras)} from pid 22976
I/ActivityManager(  471): Start proc com.cloudroom.CloudMeeting for activity com.cloudroom.CloudMeeting/.MainActivity: pid=26800 uid=10075 gids={50075, 3003, 1028, 1015}
I/ActivityManager(  471): Process com.cloudroom.qmartad (pid 4187) has died.
W/ActivityManager(  471): Force removing ActivityRecord{41a1f490 u0 com.cloudroom.qmartad/.activity.MainActivity t3}: app died, no saved state
I/WindowState(  471): WIN DEATH: Window{41faa048 u0 SurfaceView}
I/WindowState(  471): WIN DEATH: Window{41f22950 u0 com.cloudroom.qmartad/com.cloudroom.qmartad.activity.MainActivity}
W/InputMethodManagerService(  471): Got RemoteException sending setActive(false) notification to pid 4187 uid 10076
W/ProcessCpuTracker(  471): Skipping unknown process pid 26861
I/ActivityManager(  471): START u0 {act=com.android.systemui.recent.action.TOGGLE_RECENTS flg=0x10800000 cmp=com.android.systemui/.recent.RecentsActivity (has extras)} from pid 545
I/ActivityManager(  471): START u0 {act=android.intent.action.MAIN cat=[android.intent.category.HOME] flg=0x10200000 cmp=com.cloudroom.CLOUDROOMMgr/com.cloudroom.MeetingMgr.MeetingMgrActivity} from pid 471
I/ActivityManager(  471): START u0 {act=android.settings.SETTINGS flg=0x10000000 cmp=com.android.settings/.Settings} from pid 22976
I/ActivityManager(  471): Start proc com.android.settings for activity com.android.settings/.Settings: pid=9172 uid=1000 gids={41000, 3003, 3002, 3001, 1028, 1015, 1023}
W/ContextImpl( 9172): Calling a method in the system process without a qualified user: android.app.ContextImpl.bindService:1558 android.content.ContextWrapper.bindService:520 android.bluetooth.BluetoothInputDevice.doBind:245 android.bluetooth.BluetoothInputDevice.<init>:238 android.bluetooth.BluetoothAdapter.getProfileProxy:1249 
W/ContextImpl( 9172): Calling a method in the system process without a qualified user: android.app.ContextImpl.bindService:1558 android.content.ContextWrapper.bindService:520 android.bluetooth.BluetoothPan.doBind:149 android.bluetooth.BluetoothPan.<init>:141 android.bluetooth.BluetoothAdapter.getProfileProxy:1252 
W/ContextImpl( 9172): Calling a method in the system process without a qualified user: android.app.ContextImpl.bindService:1558 android.content.ContextWrapper.bindService:520 android.bluetooth.BluetoothMap.doBind:109 android.bluetooth.BluetoothMap.<init>:102 android.bluetooth.BluetoothAdapter.getProfileProxy:1258 
W/ContextImpl( 9172): Calling a method in the system process without a qualified user: android.app.ContextImpl.bindService:1558 android.content.ContextWrapper.bindService:520 android.bluetooth.BluetoothPbap.doBind:164 android.bluetooth.BluetoothPbap.<init>:157 com.android.settings.bluetooth.PbapServerProfile.<init>:68 
W/ContextImpl(  471): Calling a method in the system process without a qualified user: android.app.ContextImpl.sendStickyBroadcast:1296 android.net.EthernetDataTracker.sendEthIfaceStateChangedBroadcast:119 android.net.EthernetDataTracker.interfaceUp:186 android.net.EthernetDataTracker.enableEthIface:649 com.android.server.EthernetService.setEthernetEnabled:103 
W/ContextImpl(  471): Calling a method in the system process without a qualified user: android.app.ContextImpl.sendStickyBroadcast:1296 android.net.EthernetDataTracker.sendEthIfaceStateChangedBroadcast:119 android.net.EthernetDataTracker.interfaceUp:186 android.net.EthernetDataTracker.enableEthIface:649 com.android.server.EthernetService.setEthernetEnabled:103 
I/ActivityManager(  471): Start proc android.process.media for content provider com.android.providers.media/.MediaProvider: pid=17389 uid=10005 gids={50005, 1028, 1015, 1023, 1024, 2001, 3003, 3007}
I/ActivityManager(  471): START u0 {act=android.intent.action.MAIN cmp=com.android.settings/.SoundDevicesManager} from pid 9172
V/WiredAccessoryManager(  471): Headset UEVENT: {SUBSYSTEM=switch, SWITCH_STATE=-1, DEVPATH=/devices/virtual/switch/usb_audio_playback, SEQNUM=1592, ACTION=change, SWITCH_NAME=usb_audio_playback}
V/WiredAccessoryManager(  471): cardDeviceName: 
I/AudioCommon( 9172): has spdif.
W/ContextImpl(  471): Calling a method in the system process without a qualified user: android.app.ContextImpl.sendBroadcast:1138 com.android.server.WiredAccessoryManager$WiredAccessoryObserver.onUEvent:483 android.os.UEventObserver$UEventThread.sendEvent:210 android.os.UEventObserver$UEventThread.run:187 <bottom of call stack> 
I/ActivityManager(  471): START u0 {act=android.intent.action.MAIN cat=[android.intent.category.HOME] flg=0x10200000 cmp=com.cloudroom.CLOUDROOMMgr/com.cloudroom.MeetingMgr.MeetingMgrActivity} from pid 471
I/ActivityManager(  471): Start proc com.cloudroom.qmartad for service com.cloudroom.qmartad/.service.GetStartedService: pid=1823 uid=10076 gids={50076, 1028, 3003, 1015}
I/ActivityManager(  471): Killing 2841:com.google.android.partnersetup/u0a9 (adj 15): empty for 3294s
I/ActivityManager(  471): START u0 {act=com.android.systemui.recent.action.TOGGLE_RECENTS flg=0x10800000 cmp=com.android.systemui/.recent.RecentsActivity} from pid 545
W/InputMethodManagerService(  471): Starting input on non-focused client com.android.internal.view.IInputMethodClient$Stub$Proxy@41de2200 (uid=10074 pid=22976)
W/FileUtils( 1619): Failed to chmod(/mnt/internal_sd/baidu/pushservice/database/pushstat_4.1.1.107.db): libcore.io.ErrnoException: chmod failed: EPERM (Operation not permitted)
I/ProcessStatsService(  471): Prepared write state in 19ms
D/ConnectivityService(  471): Sampling interval elapsed, updating statistics ..
D/ConnectivityService(  471): Done.
D/ConnectivityService(  471): Setting timer for 720seconds
W/FileUtils( 1619): Failed to chmod(/mnt/internal_sd/baidu/pushservice/database/pushstat_4.1.1.107.db): libcore.io.ErrnoException: chmod failed: EPERM (Operation not permitted)
I/ActivityManager(  471): Process com.cloudroom.CloudMeeting (pid 26800) has died.
I/WindowState(  471): WIN DEATH: Window{41aa3968 u0 com.cloudroom.CloudMeeting/com.cloudroom.CloudMeeting.MainActivity}
W/WindowManager(  471): Force-removing child win Window{41a6ce48 u0 SurfaceView} from container Window{41aa3968 u0 com.cloudroom.CloudMeeting/com.cloudroom.CloudMeeting.MainActivity}
W/ActivityManager(  471): Force removing ActivityRecord{41bfd318 u0 com.cloudroom.CloudMeeting/.MainActivity t9}: app died, no saved state
W/WindowManager(  471): Force-removing child win Window{41bce3d8 u0 SurfaceView} from container Window{41aa3968 u0 com.cloudroom.CloudMeeting/com.cloudroom.CloudMeeting.MainActivity}
W/WindowManager(  471): Failed looking up window
W/WindowManager(  471): java.lang.IllegalArgumentException: Requested window android.os.BinderProxy@41b943a0 does not exist
W/WindowManager(  471): 	at com.android.server.wm.WindowManagerService.windowForClientLocked(WindowManagerService.java:8232)
W/WindowManager(  471): 	at com.android.server.wm.WindowManagerService.windowForClientLocked(WindowManagerService.java:8223)
W/WindowManager(  471): 	at com.android.server.wm.WindowState$DeathRecipient.binderDied(WindowState.java:1047)
W/WindowManager(  471): 	at android.os.BinderProxy.sendDeathNotice(Binder.java:493)
W/WindowManager(  471): 	at dalvik.system.NativeStart.run(Native Method)
I/WindowState(  471): WIN DEATH: null
W/WindowManager(  471): Failed looking up window
W/WindowManager(  471): java.lang.IllegalArgumentException: Requested window android.os.BinderProxy@419edd48 does not exist
W/WindowManager(  471): 	at com.android.server.wm.WindowManagerService.windowForClientLocked(WindowManagerService.java:8232)
W/WindowManager(  471): 	at com.android.server.wm.WindowManagerService.windowForClientLocked(WindowManagerService.java:8223)
W/WindowManager(  471): 	at com.android.server.wm.WindowState$DeathRecipient.binderDied(WindowState.java:1047)
W/WindowManager(  471): 	at android.os.BinderProxy.sendDeathNotice(Binder.java:493)
W/WindowManager(  471): 	at dalvik.system.NativeStart.run(Native Method)
I/WindowState(  471): WIN DEATH: null
W/InputMethodManagerService(  471): Got RemoteException sending setActive(false) notification to pid 26800 uid 10075
I/ActivityManager(  471): START u0 {act=MeetingTool.ACTION_START_MEETING_CLOUDROOM flg=0x10000000 cmp=com.cloudroom.CloudMeeting/.MainActivity (has extras)} from pid 22976
I/ActivityManager(  471): Start proc com.cloudroom.CloudMeeting for activity com.cloudroom.CloudMeeting/.MainActivity: pid=30748 uid=10075 gids={50075, 3003, 1028, 1015}
I/ActivityManager(  471): moveTaskToBack: 11
I/ActivityManager(  471): START u0 {flg=0x10000000 cmp=com.cloudroom.qmartad/.activity.MainActivity} from pid 1823
W/FileUtils( 1619): Failed to chmod(/mnt/internal_sd/baidu/pushservice/database/pushstat_4.1.1.107.db): libcore.io.ErrnoException: chmod failed: EPERM (Operation not permitted)
I/ActivityManager(  471): Delay finish: com.google.android.googlequicksearchbox/.GelStubAppWatcher
I/ActivityManager(  471): Resuming delayed broadcast
I/ActivityManager(  471): Delay finish: com.android.gallery3d/.app.PackagesMonitor
I/ActivityManager(  471): Resuming delayed broadcast
D/ConnectivityService(  471): Sampling interval elapsed, updating statistics ..
D/ConnectivityService(  471): Done.
D/ConnectivityService(  471): Setting timer for 720seconds
I/ActivityManager(  471): Delay finish: com.google.android.googlequicksearchbox/com.google.android.search.core.summons.icing.InternalIcingCorporaProvider$CorporaChangedReceiver
I/ActivityManager(  471): Resuming delayed broadcast
I/ActivityManager(  471): Delay finish: com.android.gallery3d/.app.PackagesMonitor
I/ActivityManager(  471): Resuming delayed broadcast
I/ActivityManager(  471): Waited long enough for: ServiceRecord{41fa64e0 u0 com.google.android.gms/.checkin.CheckinService}
D/ConnectivityService(  471): Sampling interval elapsed, updating statistics ..
D/ConnectivityService(  471): Done.
D/ConnectivityService(  471): Setting timer for 720seconds
W/FileUtils( 1619): Failed to chmod(/mnt/internal_sd/baidu/pushservice/database/pushstat_4.1.1.107.db): libcore.io.ErrnoException: chmod failed: EPERM (Operation not permitted)
W/BroadcastQueue(  471): Timeout of broadcast BroadcastRecord{41f40060 u-1 android.intent.action.TIME_TICK} - receiver=android.os.BinderProxy@41990bf8, started 10000ms ago
W/BroadcastQueue(  471): Receiver during timeout: BroadcastFilter{41a447b0 u-1 ReceiverList{41a471f0 545 com.android.systemui/10011/u-1 remote:41990bf8}}
W/FileUtils( 1619): Failed to chmod(/mnt/internal_sd/baidu/pushservice/database/pushstat_4.1.1.107.db): libcore.io.ErrnoException: chmod failed: EPERM (Operation not permitted)
E/ActivityManager(  471): ANR in com.android.systemui
E/ActivityManager(  471): PID: 545
E/ActivityManager(  471): Reason: Broadcast of Intent { act=android.intent.action.TIME_TICK flg=0x50000014 (has extras) }
E/ActivityManager(  471): Load: 29.84 / 17.81 / 11.79
E/ActivityManager(  471): CPU usage from 0ms to 104289ms later:
E/ActivityManager(  471):   212% 4356/mediaserver: 47% user + 165% kernel / faults: 240008 minor
E/ActivityManager(  471):   88% 5/kworker/0:0H: 0% user + 88% kernel
E/ActivityManager(  471):   30% 30748/com.cloudroom.CloudMeeting: 11% user + 19% kernel / faults: 53753 minor
E/ActivityManager(  471):   18% 471/system_server: 4.6% user + 13% kernel / faults: 60 minor
E/ActivityManager(  471):   10% 63/vmalloc: 0% user + 10% kernel
E/ActivityManager(  471):   9.4% 22976/com.cloudroom.CLOUDROOMMgr: 0% user + 9.4% kernel / faults: 8 minor
E/ActivityManager(  471):   6.5% 11/watchdog/0: 0% user + 6.5% kernel
E/ActivityManager(  471):   3.5% 67/cfinteractive: 0% user + 3.5% kernel
E/ActivityManager(  471):   2.8% 545/com.android.systemui: 1.1% user + 1.6% kernel / faults: 25 minor
E/ActivityManager(  471):   1.7% 1036/com.tchip.remotecontrolserver: 0% user + 1.7% kernel
E/ActivityManager(  471):   1.6% 139/surfaceflinger: 0.6% user + 0.9% kernel / faults: 12 minor
E/ActivityManager(  471):   1.3% 8/rcu_preempt: 0% user + 1.3% kernel
E/ActivityManager(  471):   1% 23106/kworker/0:0: 0% user + 1% kernel
E/ActivityManager(  471):   1% 3/ksoftirqd/0: 0% user + 1% kernel
E/ActivityManager(  471):   1% 1570/com.tchip.airplay:remote: 0% user + 1% kernel
E/ActivityManager(  471):   0.7% 19708/kworker/1:1: 0% user + 0.7% kernel
E/ActivityManager(  471):   0.6% 65/fb-vsync: 0% user + 0.6% kernel
E/ActivityManager(  471):   0.5% 985/com.baiyi_mobile.easyroot: 0.3% user + 0.2% kernel / faults: 33 minor
E/ActivityManager(  471):   0% 73/kswapd0: 0% user + 0% kernel
E/ActivityManager(  471):   0.1% 9030/kworker/u8:2: 0% user + 0.1% kernel
E/ActivityManager(  471):   0.1% 70/irq/42-vpu_serv: 0% user + 0.1% kernel
E/ActivityManager(  471):   0% 97/irq/50-rga: 0% user + 0% kernel
E/ActivityManager(  471):   0% 9032/kworker/u8:4: 0% user + 0% kernel
E/ActivityManager(  471):   0% 106/mmcqd/0: 0% user + 0% kernel
E/ActivityManager(  471):   0% 19693/kworker/u8:1: 0% user + 0% kernel
E/ActivityManager(  471):   0% 9031/kworker/u8:3: 0% user + 0% kernel
E/ActivityManager(  471):   0% 132/servicemanager: 0% user + 0% kernel / faults: 1 minor
E/ActivityManager(  471):   0% 669/com.android.phone: 0% user + 0% kernel
E/ActivityManager(  471):   0% 32/kworker/3:1: 0% user + 0% kernel
E/ActivityManager(  471):   0% 138/rild: 0% user + 0% kernel
E/ActivityManager(  471):   0% 12420/kworker/u8:0: 0% user + 0% kernel
E/ActivityManager(  471):   0% 14/ksoftirqd/1: 0% user + 0% kernel
E/ActivityManager(  471):   0% 24/ksoftirqd/3: 0% user + 0% kernel
E/ActivityManager(  471):   0% 31/kworker/2:1: 0% user + 0% kernel
E/ActivityManager(  471):   0% 748/com.google.android.gms: 0% user + 0% kernel / faults: 6 minor
E/ActivityManager(  471):   0% 1823/com.cloudroom.qmartad: 0% user + 0% kernel / faults: 10 minor
E/ActivityManager(  471):   0% 17/watchdog/2: 0% user + 0% kernel
E/ActivityManager(  471):   0% 19/ksoftirqd/2: 0% user + 0% kernel
E/ActivityManager(  471):   0% 22/watchdog/3: 0% user + 0% kernel
E/ActivityManager(  471):   0% 131/healthd: 0% user + 0% kernel
E/ActivityManager(  471):   0% 12/watchdog/1: 0% user + 0% kernel
E/ActivityManager(  471):   0% 128/jbd2/mmcblk0p12: 0% user + 0% kernel
E/ActivityManager(  471):   0% 136/netd: 0% user + 0% kernel / faults: 21 minor
E/ActivityManager(  471):   0% 1119/com.dianxinos.superuser: 0% user + 0% kernel / faults: 15 minor
E/ActivityManager(  471):   0% 1619/com.baiyi_mobile.easyroot:bdservice_v1: 0% user + 0% kernel / faults: 19 minor
E/ActivityManager(  471):   0% 16681/kworker/u9:1: 0% user + 0% kernel
E/ActivityManager(  471):  +0% 9045/kworker/u8:5: 0% user + 0% kernel
E/ActivityManager(  471): 99% TOTAL: 17% user + 57% kernel + 0% iowait + 0% irq + 24% softirq
E/ActivityManager(  471): CPU usage from 107341ms to 107855ms later:
E/ActivityManager(  471):   230% 30748/com.cloudroom.CloudMeeting: 192% user + 38% kernel / faults: 32530 minor
E/ActivityManager(  471):     78% 30862/KCapTask: 65% user + 13% kernel
E/ActivityManager(  471):     19% 30880/KVideoEncoderH2: 15% user + 3.8% kernel
E/ActivityManager(  471):     17% 30879/KVideoEncoderH2: 17% user + 0% kernel
E/ActivityManager(  471):     17% 30881/KVideoEncoderH2: 15% user + 1.9% kernel
E/ActivityManager(  471):     17% 30882/KVideoEncoderH2: 17% user + 0% kernel
E/ActivityManager(  471):     11% 30865/KThreadJobs: 11% user + 0% kernel
E/ActivityManager(  471):     9.6% 30863/KThreadJobs: 7.6% user + 1.9% kernel
E/ActivityManager(  471):     9.6% 30864/KThreadJobs: 9.6% user + 0% kernel
E/ActivityManager(  471):     7.6% 30795/jni_audio_captu: 7.6% user + 0% kernel
E/ActivityManager(  471):     7.6% 30866/KVideoEncoderH2: 5.7% user + 1.9% kernel
E/ActivityManager(  471):     5.7% 9057/KVideoDecoderH2: 3.8% user + 1.9% kernel
E/ActivityManager(  471):     5.7% 30761/om.CloudMeeting: 3.8% user + 1.9% kernel
E/ActivityManager(  471):     3.8% 30767/om.CloudMeeting: 1.9% user + 1.9% kernel
E/ActivityManager(  471):     3.8% 30790/ProcessThread: 0% user + 3.8% kernel
E/ActivityManager(  471):     3.8% 30801/Binder_3: 1.9% user + 1.9% kernel
E/ActivityManager(  471):     3.8% 30807/Binder_4: 1.9% user + 1.9% kernel
E/ActivityManager(  471):     1.9% 30766/om.CloudMeeting: 0% user + 1.9% kernel
E/ActivityManager(  471):     1.9% 30792/jni_audio_rende: 0% user + 1.9% kernel
E/ActivityManager(  471):     1.9% 30884/KVideoEncoderH2: 1.9% user + 0% kernel
E/ActivityManager(  471):     1.9% 30885/KVideoEncoderH2: 1.9% user + 0% kernel
E/ActivityManager(  471):     1.9% 30886/KVideoEncoderH2: 1.9% user + 0% kernel
E/ActivityManager(  471):   78% 4356/mediaserver: 48% user + 30% kernel / faults: 17291 minor
E/ActivityManager(  471):     46% 30887/CameraPreviewTh: 42% user + 3.8% kernel
I/ActivityManager(  471): Killing 545:com.android.systemui/u0a11 (adj -12): background ANR
I/ProcessStatsService(  471): Prepared write state in 3ms
I/ProcessStatsService(  471): Prepared write state in 3ms
I/ProcessStatsService(  471): Prepared write state in 95ms
I/WindowState(  471): WIN DEATH: Window{41c21ef8 u0 StatusBar}
W/WallpaperService(  471): Wallpaper service gone: ComponentInfo{com.android.systemui/com.android.systemui.ImageWallpaper}
I/ProcessStatsService(  471): Prepared write state in 109ms
I/WindowState(  471): WIN DEATH: Window{41c0e000 u0 com.android.systemui/com.android.systemui.recent.RecentsActivity}
I/ProcessStatsService(  471): Prepared write state in 4ms
W/ActivityManager(  471): Scheduling restart of crashed service com.android.systemui/.ImageWallpaper in 0ms
W/ActivityManager(  471): Scheduling restart of crashed service com.android.systemui/.SystemUIService in 0ms
W/ActivityManager(  471): Scheduling restart of crashed service com.android.keyguard/.KeyguardService in 0ms
I/WindowState(  471): WIN DEATH: Window{41a58540 u0 SearchPanel}
I/WindowState(  471): WIN DEATH: Window{41a70c58 u0 NavigationBar}
I/WindowState(  471): WIN DEATH: Window{41ab8808 u0 com.android.systemui.ImageWallpaper}
I/ActivityManager(  471): Start proc com.android.systemui for restart com.android.systemui: pid=10227 uid=10011 gids={50011, 1028, 1015, 1035, 3002, 3001}
I/ProcessStatsService(  471): Prepared write state in 7ms
I/ProcessStatsService(  471): Prepared write state in 5ms
I/ProcessStatsService(  471): Prepared write state in 4ms
I/ProcessStatsService(  471): Prepared write state in 2ms
I/ProcessStatsService(  471): Prepared write state in 2ms
I/ProcessStatsService(  471): Prepared write state in 2ms
I/ProcessStatsService(  471): Prepared write state in 2ms
I/ProcessStatsService(  471): Prepared write state in 2ms
I/ProcessStatsService(  471): Prepared write state in 3ms
I/ActivityManager(  471): Process com.cloudroom.CloudMeeting (pid 30748) has died.
I/WindowState(  471): WIN DEATH: Window{41a0b8a8 u0 com.cloudroom.CloudMeeting/com.cloudroom.CloudMeeting.MainActivity}
W/WindowManager(  471): Force-removing child win Window{41c23090 u0 SurfaceView} from container Window{41a0b8a8 u0 com.cloudroom.CloudMeeting/com.cloudroom.CloudMeeting.MainActivity}
W/WindowManager(  471): Force-removing child win Window{41dd1200 u0 SurfaceView} from container Window{41a0b8a8 u0 com.cloudroom.CloudMeeting/com.cloudroom.CloudMeeting.MainActivity}
W/WindowManager(  471): Failed looking up window
W/WindowManager(  471): java.lang.IllegalArgumentException: Requested window android.os.BinderProxy@41cd44a0 does not exist
W/WindowManager(  471): 	at com.android.server.wm.WindowManagerService.windowForClientLocked(WindowManagerService.java:8232)
W/WindowManager(  471): 	at com.android.server.wm.WindowManagerService.windowForClientLocked(WindowManagerService.java:8223)
W/WindowManager(  471): 	at com.android.server.wm.WindowState$DeathRecipient.binderDied(WindowState.java:1047)
W/WindowManager(  471): 	at android.os.BinderProxy.sendDeathNotice(Binder.java:493)
W/WindowManager(  471): 	at dalvik.system.NativeStart.run(Native Method)
I/WindowState(  471): WIN DEATH: null
I/StatusBarManagerService(  471): registerStatusBar bar=com.android.internal.statusbar.IStatusBar$Stub$Proxy@41acc3b0
I/ActivityManager(  471): START u0 {act=MeetingTool.ACTION_START_MEETING_CLOUDROOM flg=0x10000000 cmp=com.cloudroom.CloudMeeting/.MainActivity (has extras)} from pid 22976
I/ActivityManager(  471): Start proc com.cloudroom.CloudMeeting for activity com.cloudroom.CloudMeeting/.MainActivity: pid=10273 uid=10075 gids={50075, 3003, 1028, 1015}
I/ActivityManager(  471): moveTaskToBack: 11
I/ActivityManager(  471): START u0 {act=android.intent.action.MAIN cat=[android.intent.category.HOME] flg=0x10200000 cmp=com.cloudroom.CLOUDROOMMgr/com.cloudroom.MeetingMgr.MeetingMgrActivity} from pid 471
I/ActivityManager(  471): START u0 {act=android.settings.SETTINGS flg=0x10000000 cmp=com.android.settings/.Settings} from pid 22976
W/Vold    (  133): subsystem found in netlink event
D/Vold    (  133): usb, 1
D/Vold    (  133): == current usb device: 04CA/0061 ===
W/Vold    (  133): subsystem found in netlink event
D/Vold    (  133): usb, 1
I/ActivityManager(  471): START u0 {flg=0x10000000 cmp=com.cloudroom.qmartad/.activity.MainActivity} from pid 1823
I/ActivityManager(  471): Process com.cloudroom.CloudMeeting (pid 10273) has died.
I/WindowState(  471): WIN DEATH: Window{41de2e98 u0 com.cloudroom.CloudMeeting/com.cloudroom.CloudMeeting.MainActivity}
W/WindowManager(  471): Force-removing child win Window{41f9b938 u0 SurfaceView} from container Window{41de2e98 u0 com.cloudroom.CloudMeeting/com.cloudroom.CloudMeeting.MainActivity}
W/WindowManager(  471): Force-removing child win Window{41f2a048 u0 SurfaceView} from container Window{41de2e98 u0 com.cloudroom.CloudMeeting/com.cloudroom.CloudMeeting.MainActivity}
W/WindowManager(  471): Failed looking up window
W/WindowManager(  471): java.lang.IllegalArgumentException: Requested window android.os.BinderProxy@41c87788 does not exist
W/WindowManager(  471): 	at com.android.server.wm.WindowManagerService.windowForClientLocked(WindowManagerService.java:8232)
W/WindowManager(  471): 	at com.android.server.wm.WindowManagerService.windowForClientLocked(WindowManagerService.java:8223)
W/WindowManager(  471): 	at com.android.server.wm.WindowState$DeathRecipient.binderDied(WindowState.java:1047)
W/WindowManager(  471): 	at android.os.BinderProxy.sendDeathNotice(Binder.java:493)
W/WindowManager(  471): 	at dalvik.system.NativeStart.run(Native Method)
I/WindowState(  471): WIN DEATH: null
W/WindowManager(  471): Failed looking up window
W/WindowManager(  471): java.lang.IllegalArgumentException: Requested window android.os.BinderProxy@41729b60 does not exist
W/WindowManager(  471): 	at com.android.server.wm.WindowManagerService.windowForClientLocked(WindowManagerService.java:8232)
W/WindowManager(  471): 	at com.android.server.wm.WindowManagerService.windowForClientLocked(WindowManagerService.java:8223)
W/WindowManager(  471): 	at com.android.server.wm.WindowState$DeathRecipient.binderDied(WindowState.java:1047)
W/WindowManager(  471): 	at android.os.BinderProxy.sendDeathNotice(Binder.java:493)
W/WindowManager(  471): 	at dalvik.system.NativeStart.run(Native Method)
I/WindowState(  471): WIN DEATH: null
I/ActivityManager(  471): START u0 {act=MeetingTool.ACTION_START_MEETING_CLOUDROOM flg=0x10000000 cmp=com.cloudroom.CloudMeeting/.MainActivity (has extras)} from pid 22976
I/ActivityManager(  471): Start proc com.cloudroom.CloudMeeting for activity com.cloudroom.CloudMeeting/.MainActivity: pid=16653 uid=10075 gids={50075, 3003, 1028, 1015}
I/ActivityManager(  471): moveTaskToBack: 11
W/FileUtils( 1619): Failed to chmod(/mnt/internal_sd/baidu/pushservice/database/pushstat_4.1.1.107.db): libcore.io.ErrnoException: chmod failed: EPERM (Operation not permitted)
D/ConnectivityService(  471): Sampling interval elapsed, updating statistics ..
D/ConnectivityService(  471): Done.
D/ConnectivityService(  471): Setting timer for 720seconds
I/ActivityManager(  471): Killing 17389:android.process.media/u0a5 (adj 15): empty for 2928s
I/ActivityManager(  471): Delay finish: com.android.gallery3d/.app.PackagesMonitor
I/ActivityManager(  471): Resuming delayed broadcast
W/BroadcastQueue(  471): Timeout of broadcast BroadcastRecord{41fbfd78 u-1 android.intent.action.TIME_TICK} - receiver=android.os.BinderProxy@41a6eab8, started 10001ms ago
W/BroadcastQueue(  471): Receiver during timeout: BroadcastFilter{41a40f10 u-1 ReceiverList{41a4e498 10227 com.android.systemui/10011/u-1 remote:41a6eab8}}
W/BroadcastQueue(  471): Hung broadcast [background] discarded after timeout failure: now=7993482 dispatchTime=7821073 startTime=7821073 intent=Intent { act=airplay.alarm.action flg=0x14 (has extras) } numReceivers=1 nextReceiver=1 state=0
W/BroadcastQueue(  471): Timeout of broadcast BroadcastRecord{41f9f830 u0 airplay.alarm.action} - receiver=null, started 172471ms ago
W/BroadcastQueue(  471): Receiver during timeout: ResolveInfo{41f9f7e8 com.tchip.airplay/.Alarmreceiver m=0x0}
W/BroadcastQueue(  471): finishReceiver [background] called but state is IDLE
W/BroadcastQueue(  471): Hung broadcast [foreground] discarded after timeout failure: now=7994641 dispatchTime=7818214 startTime=7828364 intent=Intent { act=android.intent.action.TIME_TICK flg=0x50000014 (has extras) } numReceivers=7 nextReceiver=6 state=0
W/BroadcastQueue(  471): Timeout of broadcast BroadcastRecord{41fbfd78 u-1 android.intent.action.TIME_TICK} - receiver=null, started 166293ms ago
W/BroadcastQueue(  471): Receiver during timeout: BroadcastFilter{419536f8 u0 ReceiverList{4196a6c0 10227 com.android.systemui/10011/u0 remote:41a19ee0}}
W/BroadcastQueue(  471): finishReceiver [foreground] called but state is IDLE
W/ProcessCpuTracker(  471): Skipping unknown process pid 12547
W/ProcessCpuTracker(  471): Skipping unknown process pid 12593
W/ProcessCpuTracker(  471): Skipping unknown process pid 12602
W/ProcessCpuTracker(  471): Skipping unknown process pid 12605
E/ActivityManager(  471): ANR in com.android.systemui
E/ActivityManager(  471): PID: 10227
E/ActivityManager(  471): Reason: Broadcast of Intent { act=android.intent.action.TIME_TICK flg=0x50000014 (has extras) }
E/ActivityManager(  471): Load: 37.99 / 24.9 / 16.29
E/ActivityManager(  471): CPU usage from 1ms to 192648ms later:
E/ActivityManager(  471):   182% 4356/mediaserver: 48% user + 133% kernel / faults: 377224 minor 2 major
E/ActivityManager(  471):   83% 5/kworker/0:0H: 0% user + 83% kernel
E/ActivityManager(  471):   36% 16653/com.cloudroom.CloudMeeting: 14% user + 21% kernel / faults: 100506 minor
E/ActivityManager(  471):   18% 471/system_server: 6.5% user + 11% kernel / faults: 232 minor
E/ActivityManager(  471):   13% 63/vmalloc: 0% user + 13% kernel
E/ActivityManager(  471):   11% 161/adbd: 0.9% user + 10% kernel / faults: 1822 minor
E/ActivityManager(  471):   7% 11/watchdog/0: 0% user + 7% kernel
E/ActivityManager(  471):   5.9% 5969/logcat: 2.5% user + 3.3% kernel / faults: 1 minor
E/ActivityManager(  471):   3.6% 22976/com.cloudroom.CLOUDROOMMgr: 0% user + 3.6% kernel / faults: 14 minor
E/ActivityManager(  471):   2.9% 67/cfinteractive: 0% user + 2.9% kernel
E/ActivityManager(  471):   0.7% 137/debuggerd: 0.3% user + 0.3% kernel / faults: 3675 minor
E/ActivityManager(  471):   2.2% 1036/com.tchip.remotecontrolserver: 0% user + 2.2% kernel / faults: 48 minor
E/ActivityManager(  471):   1.6% 139/surfaceflinger: 0.6% user + 1% kernel / faults: 3 minor
E/ActivityManager(  471):   1.4% 70/irq/42-vpu_serv: 0% user + 1.4% kernel
E/ActivityManager(  471):   1.4% 1570/com.tchip.airplay:remote: 0% user + 1.4% kernel
E/ActivityManager(  471):   1.2% 8/rcu_preempt: 0% user + 1.2% kernel
E/ActivityManager(  471):   1.1% 3/ksoftirqd/0: 0% user + 1.1% kernel
E/ActivityManager(  471):   1% 10109/kworker/0:0: 0% user + 1% kernel
E/ActivityManager(  471):   0.8% 669/com.android.phone: 0.3% user + 0.4% kernel
E/ActivityManager(  471):   0.9% 985/com.baiyi_mobile.easyroot: 0.2% user + 0.6% kernel / faults: 81 minor
E/ActivityManager(  471):   0.7% 5979/kworker/1:0: 0% user + 0.7% kernel
E/ActivityManager(  471):   0.7% 10227/com.android.systemui: 0.3% user + 0.4% kernel / faults: 78 minor
E/ActivityManager(  471):   0.2% 7/migration/0: 0% user + 0.2% kernel
E/ActivityManager(  471):   0.7% 65/fb-vsync: 0% user + 0.7% kernel
E/ActivityManager(  471):   0.6% 31/kworker/2:1: 0% user + 0.6% kernel
E/ActivityManager(  471):   0.5% 32/kworker/3:1: 0% user + 0.5% kernel
E/ActivityManager(  471):   0.4% 19708/kworker/1:1: 0% user + 0.4% kernel
E/ActivityManager(  471):   0.3% 1598/com.rockchip.mediacenter:service: 0.1% user + 0.1% kernel / faults: 129 minor
E/ActivityManager(  471):   0.2% 9030/kworker/u8:2: 0% user + 0.2% kernel
E/ActivityManager(  471):   0.2% 12226/kworker/u8:1: 0% user + 0.2% kernel
E/ActivityManager(  471):   0.1% 1823/com.cloudroom.qmartad: 0% user + 0% kernel / faults: 142 minor
E/ActivityManager(  471):   0.1% 9032/kworker/u8:4: 0% user + 0.1% kernel
E/ActivityManager(  471):   0.1% 106/mmcqd/0: 0% user + 0.1% kernel
E/ActivityManager(  471):   0% 97/irq/50-rga: 0% user + 0% kernel
E/ActivityManager(  471):   0% 131/healthd: 0% user + 0% kernel
E/ActivityManager(  471):   0% 132/servicemanager: 0% user + 0% kernel
E/ActivityManager(  471):   0% 19/ksoftirqd/2: 0% user + 0% kernel
E/ActivityManager(  471):   0% 24/ksoftirqd/3: 0% user + 0% kernel
E/ActivityManager(  471):   0% 138/rild: 0% user + 0% kernel
E/ActivityManager(  471):   0% 14/ksoftirqd/1: 0% user + 0% kernel
E/ActivityManager(  471):   0% 22/watchdog/3: 0% user + 0% kernel
E/ActivityManager(  471):   0% 23/migration/3: 0% user + 0% kernel
E/ActivityManager(  471):   0% 128/jbd2/mmcblk0p12: 0% user + 0% kernel
E/ActivityManager(  471):   0% 495/kworker/u9:2: 0% user + 0% kernel
E/ActivityManager(  471):   0% 12/watchdog/1: 0% user + 0% kernel
E/ActivityManager(  471):   0% 13/migration/1: 0% user + 0% kernel
E/ActivityManager(  471):   0% 17/watchdog/2: 0% user + 0% kernel
E/ActivityManager(  471):   0% 34/kconsole: 0% user + 0% kernel
E/ActivityManager(  471):   0% 136/netd: 0% user + 0% kernel / faults: 13 minor
E/ActivityManager(  471):   0% 4532/kworker/1:2: 0% user + 0% kernel
E/ActivityManager(  471):   0% 18/migration/2: 0% user + 0% kernel
E/ActivityManager(  471):   0% 645/com.google.process.location: 0% user + 0% kernel
E/ActivityManager(  471):   0% 748/com.google.android.gms: 0% user + 0% kernel / faults: 1 minor
E/ActivityManager(  471):   0% 16681/kworker/u9:1: 0% user + 0% kernel
E/ActivityManager(  471):   0% 28804/kworker/u8:0: 0% user + 0% kernel
