W/FileUtils( 1619): Failed to chmod(/mnt/internal_sd/baidu/pushservice/database/pushstat_4.1.1.107.db): libcore.io.ErrnoException: chmod failed: EPERM (Operation not permitted)
D/ConnectivityService(  471): Sampling interval elapsed, updating statistics ..
D/ConnectivityService(  471): Done.
D/ConnectivityService(  471): Setting timer for 720seconds
W/FileUtils( 1619): Failed to chmod(/mnt/internal_sd/baidu/pushservice/database/pushstat_4.1.1.107.db): libcore.io.ErrnoException: chmod failed: EPERM (Operation not permitted)
I/ActivityManager(  471): Killing 1424:com.google.android.googlequicksearchbox:search/u0a18 (adj 15): empty #17
I/ActivityManager(  471): Start proc android.process.acore for broadcast com.android.providers.contacts/.PackageIntentReceiver: pid=2754 uid=10002 gids={50002, 3003, 1028, 1015}
I/ActivityManager(  471): Start proc com.android.vending for broadcast com.android.vending/com.google.android.finsky.receivers.PackageMonitorReceiver$RegisteredReceiver: pid=2772 uid=10015 gids={50015, 3003, 1028, 1015}
I/ActivityManager(  471): Start proc com.google.android.googlequicksearchbox:search for broadcast com.google.android.googlequicksearchbox/com.google.android.search.core.summons.icing.InternalIcingCorporaProvider$CorporaChangedReceiver: pid=2808 uid=10018 gids={50018, 3003, 1028, 3002, 1015}
I/ActivityManager(  471): Start proc com.android.gallery3d for broadcast com.android.gallery3d/.app.PackagesMonitor: pid=2825 uid=10031 gids={50031, 3003, 1028, 1015}
I/ActivityManager(  471): Start proc com.google.android.partnersetup for content provider com.google.android.partnersetup/.RlzAppProvider: pid=2841 uid=10009 gids={50009, 3003}
I/ActivityManager(  471): Killing 1535:com.cghs.stresstest/1000 (adj 15): empty #17
I/ActivityManager(  471): Delay finish: com.android.gallery3d/.app.PackagesMonitor
I/ActivityManager(  471): Killing 1583:com.rockchip.mediacenter/u0a65 (adj 15): empty #17
I/ActivityManager(  471): Resuming delayed broadcast
I/ActivityManager(  471): Killing 1105:com.tchip.datacollection/1000 (adj 15): empty #17
I/ActivityManager(  471): Waited long enough for: ServiceRecord{41c7c408 u0 com.google.android.gms/.checkin.CheckinService}
I/ActivityManager(  471): Killing 1695:com.tchip.datacollection:remote/1000 (adj 15): empty #17
I/ProcessStatsService(  471): Prepared write state in 11ms
I/ActivityManager(  471): Killing 1708:com.android.rockchip/1000 (adj 15): empty for 1801s
I/ActivityManager(  471): Killing 1507:com.google.android.gm/u0a32 (adj 15): empty for 1803s
I/ActivityManager(  471): Killing 1303:com.android.providers.calendar/u0a1 (adj 15): empty for 1803s
I/ActivityManager(  471): Killing 1462:com.android.calendar/u0a24 (adj 15): empty for 1803s
I/ActivityManager(  471): Killing 1770:com.android.musicfx/u0a13 (adj 15): empty for 1802s
D/ConnectivityService(  471): Sampling interval elapsed, updating statistics ..
D/ConnectivityService(  471): Done.
D/ConnectivityService(  471): Setting timer for 720seconds
W/FileUtils( 1619): Failed to chmod(/mnt/internal_sd/baidu/pushservice/database/pushstat_4.1.1.107.db): libcore.io.ErrnoException: chmod failed: EPERM (Operation not permitted)
I/ActivityManager(  471): Killing 619:android.process.media/u0a5 (adj 15): empty for 1803s
I/ActivityManager(  471): Killing 2167:com.android.externalstorage/u0a6 (adj 15): empty for 1803s
I/ActivityManager(  471): Process com.cloudroom.CloudMeeting (pid 1930) has died.
I/WindowState(  471): WIN DEATH: Window{41a0b8a8 u0 com.cloudroom.CloudMeeting/com.cloudroom.CloudMeeting.MainActivity}
W/WindowManager(  471): Force-removing child win Window{41d23e88 u0 SurfaceView} from container Window{41a0b8a8 u0 com.cloudroom.CloudMeeting/com.cloudroom.CloudMeeting.MainActivity}
W/WindowManager(  471): Force-removing child win Window{41d005e8 u0 SurfaceView} from container Window{41a0b8a8 u0 com.cloudroom.CloudMeeting/com.cloudroom.CloudMeeting.MainActivity}
W/WindowManager(  471): Failed looking up window
W/WindowManager(  471): java.lang.IllegalArgumentException: Requested window android.os.BinderProxy@41b939c0 does not exist
W/WindowManager(  471): 	at com.android.server.wm.WindowManagerService.windowForClientLocked(WindowManagerService.java:8232)
W/WindowManager(  471): 	at com.android.server.wm.WindowManagerService.windowForClientLocked(WindowManagerService.java:8223)
W/WindowManager(  471): 	at com.android.server.wm.WindowState$DeathRecipient.binderDied(WindowState.java:1047)
W/WindowManager(  471): 	at android.os.BinderProxy.sendDeathNotice(Binder.java:493)
W/WindowManager(  471): 	at dalvik.system.NativeStart.run(Native Method)
I/WindowState(  471): WIN DEATH: null
W/WindowManager(  471): Failed looking up window
W/WindowManager(  471): java.lang.IllegalArgumentException: Requested window android.os.BinderProxy@41be0638 does not exist
W/WindowManager(  471): 	at com.android.server.wm.WindowManagerService.windowForClientLocked(WindowManagerService.java:8232)
W/WindowManager(  471): 	at com.android.server.wm.WindowManagerService.windowForClientLocked(WindowManagerService.java:8223)
W/WindowManager(  471): 	at com.android.server.wm.WindowState$DeathRecipient.binderDied(WindowState.java:1047)
W/WindowManager(  471): 	at android.os.BinderProxy.sendDeathNotice(Binder.java:493)
W/WindowManager(  471): 	at dalvik.system.NativeStart.run(Native Method)
I/WindowState(  471): WIN DEATH: null
D/ConnectivityService(  471): Sampling interval elapsed, updating statistics ..
D/ConnectivityService(  471): Done.
D/ConnectivityService(  471): Setting timer for 720seconds
W/FileUtils( 1619): Failed to chmod(/mnt/internal_sd/baidu/pushservice/database/pushstat_4.1.1.107.db): libcore.io.ErrnoException: chmod failed: EPERM (Operation not permitted)
W/FileUtils( 1619): Failed to chmod(/mnt/internal_sd/baidu/pushservice/database/pushstat_4.1.1.107.db): libcore.io.ErrnoException: chmod failed: EPERM (Operation not permitted)
I/ActivityManager(  471): Killing 947:com.rockchip.devicetest/1000 (adj 15): empty for 2662s
I/ActivityManager(  471): Delay finish: com.google.android.googlequicksearchbox/com.google.android.search.core.summons.icing.InternalIcingCorporaProvider$CorporaChangedReceiver
I/ActivityManager(  471): Resuming delayed broadcast
I/ActivityManager(  471): Delay finish: com.android.gallery3d/.app.PackagesMonitor
I/ActivityManager(  471): Resuming delayed broadcast
I/ActivityManager(  471): Delay finish: com.google.android.googlequicksearchbox/com.google.android.search.core.summons.icing.InternalIcingCorporaProvider$CorporaChangedReceiver
I/ActivityManager(  471): Resuming delayed broadcast
I/ActivityManager(  471): Delay finish: com.android.gallery3d/.app.PackagesMonitor
I/ActivityManager(  471): Resuming delayed broadcast
I/ActivityManager(  471): Waited long enough for: ServiceRecord{41f7ca20 u0 com.google.android.gms/.checkin.CheckinService}
I/ProcessStatsService(  471): Prepared write state in 31ms
D/ConnectivityService(  471): Sampling interval elapsed, updating statistics ..
D/ConnectivityService(  471): Done.
D/ConnectivityService(  471): Setting timer for 720seconds
W/FileUtils( 1619): Failed to chmod(/mnt/internal_sd/baidu/pushservice/database/pushstat_4.1.1.107.db): libcore.io.ErrnoException: chmod failed: EPERM (Operation not permitted)
W/FileUtils( 1619): Failed to chmod(/mnt/internal_sd/baidu/pushservice/database/pushstat_4.1.1.107.db): libcore.io.ErrnoException: chmod failed: EPERM (Operation not permitted)
I/ActivityManager(  471): START u0 {flg=0x10200000 cmp=com.android.systemui/.recent.RecentsActivity} from pid 471
I/ActivityManager(  471): START u0 {act=android.intent.action.MAIN cat=[android.intent.category.HOME] flg=0x10200000 cmp=com.cloudroom.CLOUDROOMMgr/com.cloudroom.MeetingMgr.MeetingMgrActivity} from pid 471
I/ActivityManager(  471): START u0 {flg=0x10000000 cmp=com.cloudroom.qmartad/.activity.MainActivity} from pid 1808
I/ActivityManager(  471): START u0 {flg=0x10200000 cmp=com.android.systemui/.recent.RecentsActivity} from pid 471
I/ActivityManager(  471): START u0 {act=android.intent.action.MAIN cat=[android.intent.category.HOME] flg=0x10200000 cmp=com.cloudroom.CLOUDROOMMgr/com.cloudroom.MeetingMgr.MeetingMgrActivity} from pid 471
I/ActivityManager(  471): START u0 {act=MeetingTool.ACTION_START_MEETING_CLOUDROOM flg=0x10000000 cmp=com.cloudroom.CloudMeeting/.MainActivity (has extras)} from pid 682
I/ActivityManager(  471): START u0 {flg=0x10000000 cmp=com.cloudroom.qmartad/.activity.MainActivity} from pid 1808
I/ActivityManager(  471): START u0 {flg=0x10200000 cmp=com.android.systemui/.recent.RecentsActivity} from pid 471
I/ActivityManager(  471): Start proc com.cloudroom.CloudMeeting for activity com.cloudroom.CloudMeeting/.MainActivity: pid=3933 uid=10075 gids={50075, 3003, 1028, 1015}
I/ActivityManager(  471): moveTaskToBack: 2
I/ActivityManager(  471): Process com.cloudroom.CloudMeeting (pid 3933) has died.
I/WindowState(  471): WIN DEATH: Window{41f22950 u0 com.cloudroom.CloudMeeting/com.cloudroom.CloudMeeting.MainActivity}
W/WindowManager(  471): Force-removing child win Window{41fc5be0 u0 SurfaceView} from container Window{41f22950 u0 com.cloudroom.CloudMeeting/com.cloudroom.CloudMeeting.MainActivity}
W/WindowManager(  471): Force-removing child win Window{41faa048 u0 SurfaceView} from container Window{41f22950 u0 com.cloudroom.CloudMeeting/com.cloudroom.CloudMeeting.MainActivity}
W/WindowManager(  471): Failed looking up window
W/WindowManager(  471): java.lang.IllegalArgumentException: Requested window android.os.BinderProxy@41e07098 does not exist
W/WindowManager(  471): 	at com.android.server.wm.WindowManagerService.windowForClientLocked(WindowManagerService.java:8232)
W/WindowManager(  471): 	at com.android.server.wm.WindowManagerService.windowForClientLocked(WindowManagerService.java:8223)
W/WindowManager(  471): 	at com.android.server.wm.WindowState$DeathRecipient.binderDied(WindowState.java:1047)
W/WindowManager(  471): 	at android.os.BinderProxy.sendDeathNotice(Binder.java:493)
W/WindowManager(  471): 	at dalvik.system.NativeStart.run(Native Method)
I/WindowState(  471): WIN DEATH: null
W/WindowManager(  471): Failed looking up window
W/WindowManager(  471): java.lang.IllegalArgumentException: Requested window android.os.BinderProxy@41a52608 does not exist
W/WindowManager(  471): 	at com.android.server.wm.WindowManagerService.windowForClientLocked(WindowManagerService.java:8232)
W/WindowManager(  471): 	at com.android.server.wm.WindowManagerService.windowForClientLocked(WindowManagerService.java:8223)
W/WindowManager(  471): 	at com.android.server.wm.WindowState$DeathRecipient.binderDied(WindowState.java:1047)
W/WindowManager(  471): 	at android.os.BinderProxy.sendDeathNotice(Binder.java:493)
W/WindowManager(  471): 	at dalvik.system.NativeStart.run(Native Method)
I/WindowState(  471): WIN DEATH: null
I/ActivityManager(  471): START u0 {act=MeetingTool.ACTION_START_MEETING_CLOUDROOM flg=0x10000000 cmp=com.cloudroom.CloudMeeting/.MainActivity (has extras)} from pid 682
I/ActivityManager(  471): Start proc com.cloudroom.CloudMeeting for activity com.cloudroom.CloudMeeting/.MainActivity: pid=3998 uid=10075 gids={50075, 3003, 1028, 1015}
I/ActivityManager(  471): START u0 {flg=0x10200000 cmp=com.android.systemui/.recent.RecentsActivity} from pid 471
I/WindowState(  471): WIN DEATH: Window{41c9f900 u0 com.cloudroom.qmartad/com.cloudroom.qmartad.activity.MainActivity}
W/WindowManager(  471): Force-removing child win Window{41c3c208 u0 SurfaceView} from container Window{41c9f900 u0 com.cloudroom.qmartad/com.cloudroom.qmartad.activity.MainActivity}
W/WindowManager(  471): Failed looking up window
W/WindowManager(  471): java.lang.IllegalArgumentException: Requested window android.os.BinderProxy@41a90dd8 does not exist
W/WindowManager(  471): 	at com.android.server.wm.WindowManagerService.windowForClientLocked(WindowManagerService.java:8232)
W/WindowManager(  471): 	at com.android.server.wm.WindowManagerService.windowForClientLocked(WindowManagerService.java:8223)
W/WindowManager(  471): 	at com.android.server.wm.WindowState$DeathRecipient.binderDied(WindowState.java:1047)
W/WindowManager(  471): 	at android.os.BinderProxy.sendDeathNotice(Binder.java:493)
W/WindowManager(  471): 	at dalvik.system.NativeStart.run(Native Method)
I/WindowState(  471): WIN DEATH: null
I/ActivityManager(  471): Process com.cloudroom.qmartad (pid 1808) has died.
I/ActivityManager(  471): Process com.cloudroom.CloudMeeting (pid 3998) has died.
I/WindowState(  471): WIN DEATH: Window{41f70140 u0 com.cloudroom.CloudMeeting/com.cloudroom.CloudMeeting.MainActivity}
W/WindowManager(  471): Force-removing child win Window{41fc6470 u0 SurfaceView} from container Window{41f70140 u0 com.cloudroom.CloudMeeting/com.cloudroom.CloudMeeting.MainActivity}
W/WindowManager(  471): Failed looking up window
W/WindowManager(  471): java.lang.IllegalArgumentException: Requested window android.os.BinderProxy@41aa6d28 does not exist
W/WindowManager(  471): 	at com.android.server.wm.WindowManagerService.windowForClientLocked(WindowManagerService.java:8232)
W/WindowManager(  471): 	at com.android.server.wm.WindowManagerService.windowForClientLocked(WindowManagerService.java:8223)
W/WindowManager(  471): 	at com.android.server.wm.WindowState$DeathRecipient.binderDied(WindowState.java:1047)
W/WindowManager(  471): 	at android.os.BinderProxy.sendDeathNotice(Binder.java:493)
W/WindowManager(  471): 	at dalvik.system.NativeStart.run(Native Method)
I/WindowState(  471): WIN DEATH: null
I/ActivityManager(  471): Start proc com.cloudroom.CloudMeeting for activity com.cloudroom.CloudMeeting/.MainActivity: pid=4043 uid=10075 gids={50075, 3003, 1028, 1015}
I/ActivityManager(  471): moveTaskToBack: 2
I/ActivityManager(  471): START u0 {flg=0x10200000 cmp=com.android.systemui/.recent.RecentsActivity} from pid 471
W/NativeCrashListener(  471): Couldn't find ProcessRecord for pid 2036
I/BootReceiver(  471): Copying /data/tombstones/tombstone_07 to DropBox (SYSTEM_TOMBSTONE)
I/ActivityManager(  471): START u0 {flg=0x10200000 cmp=com.android.systemui/.recent.RecentsActivity} from pid 471
W/ActivityManager(  471): Activity pause timeout for ActivityRecord{41a58a50 u0 com.cloudroom.CloudMeeting/.MainActivity t2}
W/InputMethodManagerService(  471): Starting input on non-focused client com.android.internal.view.IInputMethodClient$Stub$Proxy@41718648 (uid=10011 pid=545)
I/ActivityManager(  471): START u0 {act=android.intent.action.MAIN cat=[android.intent.category.HOME] flg=0x10200000 cmp=com.cloudroom.CLOUDROOMMgr/com.cloudroom.MeetingMgr.MeetingMgrActivity} from pid 471
W/ActivityManager(  471): Activity pause timeout for ActivityRecord{41a58a50 u0 com.cloudroom.CloudMeeting/.MainActivity t2}
W/ActivityManager(  471): Activity stop timeout for ActivityRecord{41a58a50 u0 com.cloudroom.CloudMeeting/.MainActivity t2}
I/ActivityManager(  471): START u0 {flg=0x10200000 cmp=com.android.systemui/.recent.RecentsActivity} from pid 471
W/InputMethodManagerService(  471): Starting input on non-focused client com.android.internal.view.IInputMethodClient$Stub$Proxy@41718648 (uid=10011 pid=545)
I/ActivityManager(  471): Start proc com.cloudroom.qmartad for service com.cloudroom.qmartad/.service.GetStartedService: pid=4187 uid=10076 gids={50076, 1028, 3003, 1015}
I/ActivityManager(  471): START u0 {flg=0x10000000 cmp=com.cloudroom.qmartad/.activity.MainActivity} from pid 4187
W/ActivityManager(  471): Activity pause timeout for ActivityRecord{41a58a50 u0 com.cloudroom.CloudMeeting/.MainActivity t2}
I/ActivityManager(  471): START u0 {flg=0x10200000 cmp=com.android.systemui/.recent.RecentsActivity} from pid 471
W/InputMethodManagerService(  471): Starting input on non-focused client com.android.internal.view.IInputMethodClient$Stub$Proxy@41718648 (uid=10011 pid=545)
I/ActivityManager(  471): START u0 {act=android.intent.action.MAIN cat=[android.intent.category.HOME] flg=0x10200000 cmp=com.cloudroom.CLOUDROOMMgr/com.cloudroom.MeetingMgr.MeetingMgrActivity} from pid 471
W/ActivityManager(  471): Activity stop timeout for ActivityRecord{41a58a50 u0 com.cloudroom.CloudMeeting/.MainActivity t2}
I/ActivityManager(  471): Activity reported stop, but no longer stopping: ActivityRecord{41a58a50 u0 com.cloudroom.CloudMeeting/.MainActivity t2}
W/ActivityManager(  471): Activity pause timeout for ActivityRecord{41a58a50 u0 com.cloudroom.CloudMeeting/.MainActivity t2}
I/ActivityManager(  471): Waited long enough for: ServiceRecord{41f4a148 u0 com.cloudroom.qmartad/.service.GetStartedService}
W/ActivityManager(  471): Activity stop timeout for ActivityRecord{41a58a50 u0 com.cloudroom.CloudMeeting/.MainActivity t2}
I/ActivityManager(  471): START u0 {flg=0x10000000 cmp=com.cloudroom.qmartad/.activity.MainActivity} from pid 4187
W/BroadcastQueue(  471): Timeout of broadcast BroadcastRecord{419e6888 u0 MeetingMonitor.ACTION_MONITOR_CLOUDROOM} - receiver=android.os.BinderProxy@41754b68, started 60001ms ago
W/BroadcastQueue(  471): Receiver during timeout: BroadcastFilter{41b5b7c0 u0 ReceiverList{41c0ee58 4043 com.cloudroom.CloudMeeting/10075/u0 remote:41754b68}}
E/ActivityManager(  471): ANR in com.cloudroom.CloudMeeting
E/ActivityManager(  471): PID: 4043
E/ActivityManager(  471): Reason: Broadcast of Intent { act=MeetingMonitor.ACTION_MONITOR_CLOUDROOM flg=0x10 }
E/ActivityManager(  471): Load: 1.36 / 1.14 / 1.13
E/ActivityManager(  471): CPU usage from 8847ms to 0ms ago:
E/ActivityManager(  471):   47% 4043/com.cloudroom.CloudMeeting: 42% user + 4.6% kernel / faults: 6791 minor
E/ActivityManager(  471):   12% 4187/com.cloudroom.qmartad: 11% user + 0.6% kernel / faults: 12804 minor
E/ActivityManager(  471):   5.7% 1570/com.tchip.airplay:remote: 1% user + 4.7% kernel
E/ActivityManager(  471):   4.1% 4128/mediaserver: 3% user + 1.1% kernel
E/ActivityManager(  471):   2.1% 682/com.cloudroom.CLOUDROOMMgr: 1.5% user + 0.5% kernel
E/ActivityManager(  471):   1.8% 67/cfinteractive: 0% user + 1.8% kernel
E/ActivityManager(  471):   0.5% 471/system_server: 0.1% user + 0.4% kernel / faults: 2 minor
E/ActivityManager(  471):   0.2% 5/kworker/0:0H: 0% user + 0.2% kernel
E/ActivityManager(  471):   0% 3/ksoftirqd/0: 0% user + 0% kernel
E/ActivityManager(  471):   0.1% 8/rcu_preempt: 0% user + 0.1% kernel
E/ActivityManager(  471):   0.1% 65/fb-vsync: 0% user + 0.1% kernel
E/ActivityManager(  471):   0.1% 1036/com.tchip.remotecontrolserver: 0.1% user + 0% kernel
E/ActivityManager(  471):   0% 1557/com.tchip.airplay: 0% user + 0% kernel
E/ActivityManager(  471):   0.1% 3815/kworker/1:1: 0% user + 0.1% kernel
E/ActivityManager(  471): 17% TOTAL: 15% user + 2.6% kernel + 0% iowait + 0.1% softirq
E/ActivityManager(  471): CPU usage from 2210ms to 2720ms later:
E/ActivityManager(  471):   51% 4187/com.cloudroom.qmartad: 41% user + 10% kernel / faults: 4098 minor
E/ActivityManager(  471):     42% 4218/uil-pool-1-thre: 35% user + 7.1% kernel
E/ActivityManager(  471):     3.5% 4191/GC: 3.5% user + 0% kernel
E/ActivityManager(  471):     3.5% 4196/FinalizerDaemon: 3.5% user + 0% kernel
E/ActivityManager(  471):   27% 4043/com.cloudroom.CloudMeeting: 27% user + 0% kernel / faults: 340 minor
E/ActivityManager(  471):     13% 4091/jni_audio_captu: 13% user + 0% kernel
E/ActivityManager(  471):     7.8% 4165/KVideoDecoderH2: 7.8% user + 0% kernel
E/ActivityManager(  471):     3.9% 4088/jni_audio_rende: 3.9% user + 0% kernel
E/ActivityManager(  471):     1.9% 4056/om.CloudMeeting: 1.9% user + 0% kernel
E/ActivityManager(  471):     1.9% 4061/om.CloudMeeting: 0% user + 1.9% kernel
E/ActivityManager(  471):     1.9% 4072/QThread: 0% user + 1.9% kernel
E/ActivityManager(  471):     1.9% 4086/ProcessThread: 0% user + 1.9% kernel
E/ActivityManager(  471):   3.9% 1570/com.tchip.airplay:remote: 0% user + 3.9% kernel
E/ActivityManager(  471):     3.9% 1596/.airplay:remote: 1.9% user + 1.9% kernel
E/ActivityManager(  471):   1.3% 24/ksoftirqd/3: 0% user + 1.3% kernel
E/ActivityManager(  471):   1.4% 67/cfinteractive: 0% user + 1.4% kernel
E/ActivityManager(  471):   1.9% 471/system_server: 1.9% user + 0% kernel / faults: 2 minor
E/ActivityManager(  471):     1.9% 486/ActivityManager: 1.9% user + 0% kernel
E/ActivityManager(  471):   1.7% 4128/mediaserver: 1.7% user + 0% kernel
E/ActivityManager(  471):     1.7% 4138/AudioIn_7: 0% user + 1.7% kernel
E/ActivityManager(  471): 21% TOTAL: 18% user + 2% kernel + 1% softirq
I/ActivityManager(  471): Killing 4043:com.cloudroom.CloudMeeting/u0a75 (adj 0): user request after error
W/InputMethodManagerService(  471): Window already focused, ignoring focus gain of: com.android.internal.view.IInputMethodClient$Stub$Proxy@41a95128 attribute=null, token = android.os.BinderProxy@41caa930
I/WindowState(  471): WIN DEATH: Window{41b21948 u0 com.cloudroom.CloudMeeting/com.cloudroom.CloudMeeting.MainActivity}
W/WindowManager(  471): Force-removing child win Window{41c0c908 u0 SurfaceView} from container Window{41b21948 u0 com.cloudroom.CloudMeeting/com.cloudroom.CloudMeeting.MainActivity}
W/ActivityManager(  471): Force removing ActivityRecord{41a58a50 u0 com.cloudroom.CloudMeeting/.MainActivity t2}: app died, no saved state
W/WindowManager(  471): Force-removing child win Window{41c463e0 u0 SurfaceView} from container Window{41b21948 u0 com.cloudroom.CloudMeeting/com.cloudroom.CloudMeeting.MainActivity}
W/WindowManager(  471): Failed looking up window
W/WindowManager(  471): java.lang.IllegalArgumentException: Requested window android.os.BinderProxy@41a3c0d0 does not exist
W/WindowManager(  471): 	at com.android.server.wm.WindowManagerService.windowForClientLocked(WindowManagerService.java:8232)
W/WindowManager(  471): 	at com.android.server.wm.WindowManagerService.windowForClientLocked(WindowManagerService.java:8223)
W/WindowManager(  471): 	at com.android.server.wm.WindowState$DeathRecipient.binderDied(WindowState.java:1047)
W/WindowManager(  471): 	at android.os.BinderProxy.sendDeathNotice(Binder.java:493)
W/WindowManager(  471): 	at dalvik.system.NativeStart.run(Native Method)
I/WindowState(  471): WIN DEATH: null
W/WindowManager(  471): Failed looking up window
W/WindowManager(  471): java.lang.IllegalArgumentException: Requested window android.os.BinderProxy@419e2fc0 does not exist
W/WindowManager(  471): 	at com.android.server.wm.WindowManagerService.windowForClientLocked(WindowManagerService.java:8232)
W/WindowManager(  471): 	at com.android.server.wm.WindowManagerService.windowForClientLocked(WindowManagerService.java:8223)
W/WindowManager(  471): 	at com.android.server.wm.WindowState$DeathRecipient.binderDied(WindowState.java:1047)
W/WindowManager(  471): 	at android.os.BinderProxy.sendDeathNotice(Binder.java:493)
W/WindowManager(  471): 	at dalvik.system.NativeStart.run(Native Method)
I/WindowState(  471): WIN DEATH: null
W/BroadcastQueue(  471): Failure sending broadcast Intent { act=MeetingMonitor.ACTION_MONITOR_CLOUDROOM flg=0x10 }
W/BroadcastQueue(  471): android.os.DeadObjectException
W/BroadcastQueue(  471): 	at android.os.BinderProxy.transact(Native Method)
W/BroadcastQueue(  471): 	at android.content.IIntentReceiver$Stub$Proxy.performReceive(IIntentReceiver.java:124)
W/BroadcastQueue(  471): 	at com.android.server.am.BroadcastQueue.performReceiveLocked(BroadcastQueue.java:424)
W/BroadcastQueue(  471): 	at com.android.server.am.BroadcastQueue.deliverToRegisteredReceiverLocked(BroadcastQueue.java:507)
W/BroadcastQueue(  471): 	at com.android.server.am.BroadcastQueue.processNextBroadcast(BroadcastQueue.java:714)
W/BroadcastQueue(  471): 	at com.android.server.am.ActivityManagerService.finishReceiver(ActivityManagerService.java:13855)
W/BroadcastQueue(  471): 	at android.app.ActivityManagerNative.onTransact(ActivityManagerNative.java:383)
W/BroadcastQueue(  471): 	at com.android.server.am.ActivityManagerService.onTransact(ActivityManagerService.java:2082)
W/BroadcastQueue(  471): 	at java.lang.reflect.Method.invokeNative(Native Method)
W/BroadcastQueue(  471): 	at java.lang.reflect.Method.invoke(Method.java:515)
W/BroadcastQueue(  471): 	at com.dianxinos.binderservice.AbstractBinderService.handleRequestOriginal(AbstractBinderService.java:360)
W/BroadcastQueue(  471): 	at com.dianxinos.binderservice.AbstractBinderService.onTransact(AbstractBinderService.java:286)
W/BroadcastQueue(  471): 	at com.dianxinos.binderservice.impl.ActivityBinderService.onTransact(ActivityBinderService.java:273)
W/BroadcastQueue(  471): 	at android.os.Binder.execTransact(Binder.java:404)
W/BroadcastQueue(  471): 	at dalvik.system.NativeStart.run(Native Method)
W/BroadcastQueue(  471): Failure sending broadcast Intent { act=MeetingMonitor.ACTION_MONITOR_CLOUDROOM flg=0x10 }
W/BroadcastQueue(  471): android.os.DeadObjectException
W/BroadcastQueue(  471): 	at android.os.BinderProxy.transact(Native Method)
W/BroadcastQueue(  471): 	at android.content.IIntentReceiver$Stub$Proxy.performReceive(IIntentReceiver.java:124)
W/BroadcastQueue(  471): 	at com.android.server.am.BroadcastQueue.performReceiveLocked(BroadcastQueue.java:424)
W/BroadcastQueue(  471): 	at com.android.server.am.BroadcastQueue.deliverToRegisteredReceiverLocked(BroadcastQueue.java:507)
W/BroadcastQueue(  471): 	at com.android.server.am.BroadcastQueue.processNextBroadcast(BroadcastQueue.java:714)
W/BroadcastQueue(  471): 	at com.android.server.am.ActivityManagerService.finishReceiver(ActivityManagerService.java:13855)
W/BroadcastQueue(  471): 	at android.app.ActivityManagerNative.onTransact(ActivityManagerNative.java:383)
W/BroadcastQueue(  471): 	at com.android.server.am.ActivityManagerService.onTransact(ActivityManagerService.java:2082)
W/BroadcastQueue(  471): 	at java.lang.reflect.Method.invokeNative(Native Method)
W/BroadcastQueue(  471): 	at java.lang.reflect.Method.invoke(Method.java:515)
W/BroadcastQueue(  471): 	at com.dianxinos.binderservice.AbstractBinderService.handleRequestOriginal(AbstractBinderService.java:360)
W/BroadcastQueue(  471): 	at com.dianxinos.binderservice.AbstractBinderService.onTransact(AbstractBinderService.java:286)
W/BroadcastQueue(  471): 	at com.dianxinos.binderservice.impl.ActivityBinderService.onTransact(ActivityBinderService.java:273)
W/BroadcastQueue(  471): 	at android.os.Binder.execTransact(Binder.java:404)
W/BroadcastQueue(  471): 	at dalvik.system.NativeStart.run(Native Method)
W/BroadcastQueue(  471): Failure sending broadcast Intent { act=MeetingMonitor.ACTION_MONITOR_CLOUDROOM flg=0x10 }
W/BroadcastQueue(  471): android.os.DeadObjectException
W/BroadcastQueue(  471): 	at android.os.BinderProxy.transact(Native Method)
W/BroadcastQueue(  471): 	at android.content.IIntentReceiver$Stub$Proxy.performReceive(IIntentReceiver.java:124)
W/BroadcastQueue(  471): 	at com.android.server.am.BroadcastQueue.performReceiveLocked(BroadcastQueue.java:424)
W/BroadcastQueue(  471): 	at com.android.server.am.BroadcastQueue.deliverToRegisteredReceiverLocked(BroadcastQueue.java:507)
W/BroadcastQueue(  471): 	at com.android.server.am.BroadcastQueue.processNextBroadcast(BroadcastQueue.java:714)
W/BroadcastQueue(  471): 	at com.android.server.am.ActivityManagerService.finishReceiver(ActivityManagerService.java:13855)
W/BroadcastQueue(  471): 	at android.app.ActivityManagerNative.onTransact(ActivityManagerNative.java:383)
W/BroadcastQueue(  471): 	at com.android.server.am.ActivityManagerService.onTransact(ActivityManagerService.java:2082)
W/BroadcastQueue(  471): 	at java.lang.reflect.Method.invokeNative(Native Method)
W/BroadcastQueue(  471): 	at java.lang.reflect.Method.invoke(Method.java:515)
W/BroadcastQueue(  471): 	at com.dianxinos.binderservice.AbstractBinderService.handleRequestOriginal(AbstractBinderService.java:360)
W/BroadcastQueue(  471): 	at com.dianxinos.binderservice.AbstractBinderService.onTransact(AbstractBinderService.java:286)
W/BroadcastQueue(  471): 	at com.dianxinos.binderservice.impl.ActivityBinderService.onTransact(ActivityBinderService.java:273)
W/BroadcastQueue(  471): 	at android.os.Binder.execTransact(Binder.java:404)
W/BroadcastQueue(  471): 	at dalvik.system.NativeStart.run(Native Method)
W/BroadcastQueue(  471): Failure sending broadcast Intent { act=MeetingMonitor.ACTION_MONITOR_CLOUDROOM flg=0x10 }
W/BroadcastQueue(  471): android.os.DeadObjectException
W/BroadcastQueue(  471): 	at android.os.BinderProxy.transact(Native Method)
W/BroadcastQueue(  471): 	at android.content.IIntentReceiver$Stub$Proxy.performReceive(IIntentReceiver.java:124)
W/BroadcastQueue(  471): 	at com.android.server.am.BroadcastQueue.performReceiveLocked(BroadcastQueue.java:424)
W/BroadcastQueue(  471): 	at com.android.server.am.BroadcastQueue.deliverToRegisteredReceiverLocked(BroadcastQueue.java:507)
W/BroadcastQueue(  471): 	at com.android.server.am.BroadcastQueue.processNextBroadcast(BroadcastQueue.java:714)
W/BroadcastQueue(  471): 	at com.android.server.am.ActivityManagerService.finishReceiver(ActivityManagerService.java:13855)
W/BroadcastQueue(  471): 	at android.app.ActivityManagerNative.onTransact(ActivityManagerNative.java:383)
W/BroadcastQueue(  471): 	at com.android.server.am.ActivityManagerService.onTransact(ActivityManagerService.java:2082)
W/BroadcastQueue(  471): 	at java.lang.reflect.Method.invokeNative(Native Method)
W/BroadcastQueue(  471): 	at java.lang.reflect.Method.invoke(Method.java:515)
W/BroadcastQueue(  471): 	at com.dianxinos.binderservice.AbstractBinderService.handleRequestOriginal(AbstractBinderService.java:360)
W/BroadcastQueue(  471): 	at com.dianxinos.binderservice.AbstractBinderService.onTransact(AbstractBinderService.java:286)
W/BroadcastQueue(  471): 	at com.dianxinos.binderservice.impl.ActivityBinderService.onTransact(ActivityBinderService.java:273)
W/BroadcastQueue(  471): 	at android.os.Binder.execTransact(Binder.java:404)
W/BroadcastQueue(  471): 	at dalvik.system.NativeStart.run(Native Method)
W/BroadcastQueue(  471): Failure sending broadcast Intent { act=MeetingTool.ACTION_START_MEETING_CLOUDROOM flg=0x10 (has extras) }
W/BroadcastQueue(  471): android.os.DeadObjectException
W/BroadcastQueue(  471): 	at android.os.BinderProxy.transact(Native Method)
W/BroadcastQueue(  471): 	at android.content.IIntentReceiver$Stub$Proxy.performReceive(IIntentReceiver.java:124)
W/BroadcastQueue(  471): 	at com.android.server.am.BroadcastQueue.performReceiveLocked(BroadcastQueue.java:424)
W/BroadcastQueue(  471): 	at com.android.server.am.BroadcastQueue.deliverToRegisteredReceiverLocked(BroadcastQueue.java:507)
W/BroadcastQueue(  471): 	at com.android.server.am.BroadcastQueue.processNextBroadcast(BroadcastQueue.java:714)
W/BroadcastQueue(  471): 	at com.android.server.am.ActivityManagerService.finishReceiver(ActivityManagerService.java:13855)
W/BroadcastQueue(  471): 	at android.app.ActivityManagerNative.onTransact(ActivityManagerNative.java:383)
W/BroadcastQueue(  471): 	at com.android.server.am.ActivityManagerService.onTransact(ActivityManagerService.java:2082)
W/BroadcastQueue(  471): 	at java.lang.reflect.Method.invokeNative(Native Method)
W/BroadcastQueue(  471): 	at java.lang.reflect.Method.invoke(Method.java:515)
W/BroadcastQueue(  471): 	at com.dianxinos.binderservice.AbstractBinderService.handleRequestOriginal(AbstractBinderService.java:360)
W/BroadcastQueue(  471): 	at com.dianxinos.binderservice.AbstractBinderService.onTransact(AbstractBinderService.java:286)
W/BroadcastQueue(  471): 	at com.dianxinos.binderservice.impl.ActivityBinderService.onTransact(ActivityBinderService.java:273)
W/BroadcastQueue(  471): 	at android.os.Binder.execTransact(Binder.java:404)
W/BroadcastQueue(  471): 	at dalvik.system.NativeStart.run(Native Method)
I/ActivityManager(  471): START u0 {act=MeetingTool.ACTION_START_MEETING_CLOUDROOM flg=0x10000000 cmp=com.cloudroom.CloudMeeting/.MainActivity (has extras)} from pid 682
I/ActivityManager(  471): Start proc com.cloudroom.CloudMeeting for activity com.cloudroom.CloudMeeting/.MainActivity: pid=4266 uid=10075 gids={50075, 3003, 1028, 1015}
W/BroadcastQueue(  471): Failure sending broadcast Intent { act=MeetingMonitor.ACTION_MONITOR_CLOUDROOM flg=0x10 }
W/BroadcastQueue(  471): android.os.DeadObjectException
W/BroadcastQueue(  471): 	at android.os.BinderProxy.transact(Native Method)
W/BroadcastQueue(  471): 	at android.content.IIntentReceiver$Stub$Proxy.performReceive(IIntentReceiver.java:124)
W/BroadcastQueue(  471): 	at com.android.server.am.BroadcastQueue.performReceiveLocked(BroadcastQueue.java:424)
W/BroadcastQueue(  471): 	at com.android.server.am.BroadcastQueue.deliverToRegisteredReceiverLocked(BroadcastQueue.java:507)
W/BroadcastQueue(  471): 	at com.android.server.am.BroadcastQueue.processNextBroadcast(BroadcastQueue.java:714)
W/BroadcastQueue(  471): 	at com.android.server.am.ActivityManagerService.finishReceiver(ActivityManagerService.java:13855)
W/BroadcastQueue(  471): 	at android.app.ActivityManagerNative.onTransact(ActivityManagerNative.java:383)
W/BroadcastQueue(  471): 	at com.android.server.am.ActivityManagerService.onTransact(ActivityManagerService.java:2082)
W/BroadcastQueue(  471): 	at java.lang.reflect.Method.invokeNative(Native Method)
W/BroadcastQueue(  471): 	at java.lang.reflect.Method.invoke(Method.java:515)
W/BroadcastQueue(  471): 	at com.dianxinos.binderservice.AbstractBinderService.handleRequestOriginal(AbstractBinderService.java:360)
W/BroadcastQueue(  471): 	at com.dianxinos.binderservice.AbstractBinderService.onTransact(AbstractBinderService.java:286)
W/BroadcastQueue(  471): 	at com.dianxinos.binderservice.impl.ActivityBinderService.onTransact(ActivityBinderService.java:273)
W/BroadcastQueue(  471): 	at android.os.Binder.execTransact(Binder.java:404)
W/BroadcastQueue(  471): 	at dalvik.system.NativeStart.run(Native Method)
W/BroadcastQueue(  471): Failure sending broadcast Intent { act=MeetingTool.ACTION_START_MEETING_CLOUDROOM flg=0x10 (has extras) }
W/BroadcastQueue(  471): android.os.DeadObjectException
W/BroadcastQueue(  471): 	at android.os.BinderProxy.transact(Native Method)
W/BroadcastQueue(  471): 	at android.content.IIntentReceiver$Stub$Proxy.performReceive(IIntentReceiver.java:124)
W/BroadcastQueue(  471): 	at com.android.server.am.BroadcastQueue.performReceiveLocked(BroadcastQueue.java:424)
W/BroadcastQueue(  471): 	at com.android.server.am.BroadcastQueue.deliverToRegisteredReceiverLocked(BroadcastQueue.java:507)
W/BroadcastQueue(  471): 	at com.android.server.am.BroadcastQueue.processNextBroadcast(BroadcastQueue.java:714)
W/BroadcastQueue(  471): 	at com.android.server.am.ActivityManagerService.finishReceiver(ActivityManagerService.java:13855)
W/BroadcastQueue(  471): 	at android.app.ActivityManagerNative.onTransact(ActivityManagerNative.java:383)
W/BroadcastQueue(  471): 	at com.android.server.am.ActivityManagerService.onTransact(ActivityManagerService.java:2082)
W/BroadcastQueue(  471): 	at java.lang.reflect.Method.invokeNative(Native Method)
W/BroadcastQueue(  471): 	at java.lang.reflect.Method.invoke(Method.java:515)
W/BroadcastQueue(  471): 	at com.dianxinos.binderservice.AbstractBinderService.handleRequestOriginal(AbstractBinderService.java:360)
W/BroadcastQueue(  471): 	at com.dianxinos.binderservice.AbstractBinderService.onTransact(AbstractBinderService.java:286)
W/BroadcastQueue(  471): 	at com.dianxinos.binderservice.impl.ActivityBinderService.onTransact(ActivityBinderService.java:273)
W/BroadcastQueue(  471): 	at android.os.Binder.execTransact(Binder.java:404)
W/BroadcastQueue(  471): 	at dalvik.system.NativeStart.run(Native Method)
I/ActivityManager(  471): START u0 {act=MeetingTool.ACTION_START_MEETING_CLOUDROOM flg=0x10000000 cmp=com.cloudroom.CloudMeeting/.MainActivity (has extras)} from pid 682
W/BroadcastQueue(  471): Failure sending broadcast Intent { act=MeetingMonitor.ACTION_MONITOR_CLOUDROOM flg=0x10 }
W/BroadcastQueue(  471): android.os.DeadObjectException
W/BroadcastQueue(  471): 	at android.os.BinderProxy.transact(Native Method)
W/BroadcastQueue(  471): 	at android.content.IIntentReceiver$Stub$Proxy.performReceive(IIntentReceiver.java:124)
W/BroadcastQueue(  471): 	at com.android.server.am.BroadcastQueue.performReceiveLocked(BroadcastQueue.java:424)
W/BroadcastQueue(  471): 	at com.android.server.am.BroadcastQueue.deliverToRegisteredReceiverLocked(BroadcastQueue.java:507)
W/BroadcastQueue(  471): 	at com.android.server.am.BroadcastQueue.processNextBroadcast(BroadcastQueue.java:714)
W/BroadcastQueue(  471): 	at com.android.server.am.ActivityManagerService.finishReceiver(ActivityManagerService.java:13855)
W/BroadcastQueue(  471): 	at android.app.ActivityManagerNative.onTransact(ActivityManagerNative.java:383)
W/BroadcastQueue(  471): 	at com.android.server.am.ActivityManagerService.onTransact(ActivityManagerService.java:2082)
W/BroadcastQueue(  471): 	at java.lang.reflect.Method.invokeNative(Native Method)
W/BroadcastQueue(  471): 	at java.lang.reflect.Method.invoke(Method.java:515)
W/BroadcastQueue(  471): 	at com.dianxinos.binderservice.AbstractBinderService.handleRequestOriginal(AbstractBinderService.java:360)
W/BroadcastQueue(  471): 	at com.dianxinos.binderservice.AbstractBinderService.onTransact(AbstractBinderService.java:286)
W/BroadcastQueue(  471): 	at com.dianxinos.binderservice.impl.ActivityBinderService.onTransact(ActivityBinderService.java:273)
W/BroadcastQueue(  471): 	at android.os.Binder.execTransact(Binder.java:404)
W/BroadcastQueue(  471): 	at dalvik.system.NativeStart.run(Native Method)
W/BroadcastQueue(  471): Failure sending broadcast Intent { act=MeetingMonitor.ACTION_MONITOR_CLOUDROOM flg=0x10 }
W/BroadcastQueue(  471): android.os.DeadObjectException
W/BroadcastQueue(  471): 	at android.os.BinderProxy.transact(Native Method)
W/BroadcastQueue(  471): 	at android.content.IIntentReceiver$Stub$Proxy.performReceive(IIntentReceiver.java:124)
W/BroadcastQueue(  471): 	at com.android.server.am.BroadcastQueue.performReceiveLocked(BroadcastQueue.java:424)
W/BroadcastQueue(  471): 	at com.android.server.am.BroadcastQueue.deliverToRegisteredReceiverLocked(BroadcastQueue.java:507)
W/BroadcastQueue(  471): 	at com.android.server.am.BroadcastQueue.processNextBroadcast(BroadcastQueue.java:714)
W/BroadcastQueue(  471): 	at com.android.server.am.ActivityManagerService.finishReceiver(ActivityManagerService.java:13855)
W/BroadcastQueue(  471): 	at android.app.ActivityManagerNative.onTransact(ActivityManagerNative.java:383)
W/BroadcastQueue(  471): 	at com.android.server.am.ActivityManagerService.onTransact(ActivityManagerService.java:2082)
W/BroadcastQueue(  471): 	at java.lang.reflect.Method.invokeNative(Native Method)
W/BroadcastQueue(  471): 	at java.lang.reflect.Method.invoke(Method.java:515)
W/BroadcastQueue(  471): 	at com.dianxinos.binderservice.AbstractBinderService.handleRequestOriginal(AbstractBinderService.java:360)
W/BroadcastQueue(  471): 	at com.dianxinos.binderservice.AbstractBinderService.onTransact(AbstractBinderService.java:286)
W/BroadcastQueue(  471): 	at com.dianxinos.binderservice.impl.ActivityBinderService.onTransact(ActivityBinderService.java:273)
W/BroadcastQueue(  471): 	at android.os.Binder.execTransact(Binder.java:404)
W/BroadcastQueue(  471): 	at dalvik.system.NativeStart.run(Native Method)
W/BroadcastQueue(  471): Failure sending broadcast Intent { act=MeetingMonitor.ACTION_MONITOR_CLOUDROOM flg=0x10 }
W/BroadcastQueue(  471): android.os.DeadObjectException
W/BroadcastQueue(  471): 	at android.os.BinderProxy.transact(Native Method)
W/BroadcastQueue(  471): 	at android.content.IIntentReceiver$Stub$Proxy.performReceive(IIntentReceiver.java:124)
W/BroadcastQueue(  471): 	at com.android.server.am.BroadcastQueue.performReceiveLocked(BroadcastQueue.java:424)
W/BroadcastQueue(  471): 	at com.android.server.am.BroadcastQueue.deliverToRegisteredReceiverLocked(BroadcastQueue.java:507)
W/BroadcastQueue(  471): 	at com.android.server.am.BroadcastQueue.processNextBroadcast(BroadcastQueue.java:714)
W/BroadcastQueue(  471): 	at com.android.server.am.ActivityManagerService.finishReceiver(ActivityManagerService.java:13855)
W/BroadcastQueue(  471): 	at android.app.ActivityManagerNative.onTransact(ActivityManagerNative.java:383)
W/BroadcastQueue(  471): 	at com.android.server.am.ActivityManagerService.onTransact(ActivityManagerService.java:2082)
W/BroadcastQueue(  471): 	at java.lang.reflect.Method.invokeNative(Native Method)
W/BroadcastQueue(  471): 	at java.lang.reflect.Method.invoke(Method.java:515)
W/BroadcastQueue(  471): 	at com.dianxinos.binderservice.AbstractBinderService.handleRequestOriginal(AbstractBinderService.java:360)
W/BroadcastQueue(  471): 	at com.dianxinos.binderservice.AbstractBinderService.onTransact(AbstractBinderService.java:286)
W/BroadcastQueue(  471): 	at com.dianxinos.binderservice.impl.ActivityBinderService.onTransact(ActivityBinderService.java:273)
W/BroadcastQueue(  471): 	at android.os.Binder.execTransact(Binder.java:404)
W/BroadcastQueue(  471): 	at dalvik.system.NativeStart.run(Native Method)
W/BroadcastQueue(  471): Failure sending broadcast Intent { act=MeetingTool.ACTION_START_MEETING_CLOUDROOM flg=0x10 (has extras) }
W/BroadcastQueue(  471): android.os.DeadObjectException
W/BroadcastQueue(  471): 	at android.os.BinderProxy.transact(Native Method)
W/BroadcastQueue(  471): 	at android.content.IIntentReceiver$Stub$Proxy.performReceive(IIntentReceiver.java:124)
W/BroadcastQueue(  471): 	at com.android.server.am.BroadcastQueue.performReceiveLocked(BroadcastQueue.java:424)
W/BroadcastQueue(  471): 	at com.android.server.am.BroadcastQueue.deliverToRegisteredReceiverLocked(BroadcastQueue.java:507)
W/BroadcastQueue(  471): 	at com.android.server.am.BroadcastQueue.processNextBroadcast(BroadcastQueue.java:714)
W/BroadcastQueue(  471): 	at com.android.server.am.ActivityManagerService.finishReceiver(ActivityManagerService.java:13855)
W/BroadcastQueue(  471): 	at android.app.ActivityManagerNative.onTransact(ActivityManagerNative.java:383)
W/BroadcastQueue(  471): 	at com.android.server.am.ActivityManagerService.onTransact(ActivityManagerService.java:2082)
W/BroadcastQueue(  471): 	at java.lang.reflect.Method.invokeNative(Native Method)
W/BroadcastQueue(  471): 	at java.lang.reflect.Method.invoke(Method.java:515)
W/BroadcastQueue(  471): 	at com.dianxinos.binderservice.AbstractBinderService.handleRequestOriginal(AbstractBinderService.java:360)
W/BroadcastQueue(  471): 	at com.dianxinos.binderservice.AbstractBinderService.onTransact(AbstractBinderService.java:286)
W/BroadcastQueue(  471): 	at com.dianxinos.binderservice.impl.ActivityBinderService.onTransact(ActivityBinderService.java:273)
W/BroadcastQueue(  471): 	at android.os.Binder.execTransact(Binder.java:404)
W/BroadcastQueue(  471): 	at dalvik.system.NativeStart.run(Native Method)
I/ActivityManager(  471): START u0 {act=MeetingTool.ACTION_START_MEETING_CLOUDROOM flg=0x10000000 cmp=com.cloudroom.CloudMeeting/.MainActivity (has extras)} from pid 682
W/BroadcastQueue(  471): Failure sending broadcast Intent { act=MeetingMonitor.ACTION_MONITOR_CLOUDROOM flg=0x10 }
W/BroadcastQueue(  471): android.os.DeadObjectException
W/BroadcastQueue(  471): 	at android.os.BinderProxy.transact(Native Method)
W/BroadcastQueue(  471): 	at android.content.IIntentReceiver$Stub$Proxy.performReceive(IIntentReceiver.java:124)
W/BroadcastQueue(  471): 	at com.android.server.am.BroadcastQueue.performReceiveLocked(BroadcastQueue.java:424)
W/BroadcastQueue(  471): 	at com.android.server.am.BroadcastQueue.deliverToRegisteredReceiverLocked(BroadcastQueue.java:507)
W/BroadcastQueue(  471): 	at com.android.server.am.BroadcastQueue.processNextBroadcast(BroadcastQueue.java:714)
W/BroadcastQueue(  471): 	at com.android.server.am.ActivityManagerService.finishReceiver(ActivityManagerService.java:13855)
W/BroadcastQueue(  471): 	at android.app.ActivityManagerNative.onTransact(ActivityManagerNative.java:383)
W/BroadcastQueue(  471): 	at com.android.server.am.ActivityManagerService.onTransact(ActivityManagerService.java:2082)
W/BroadcastQueue(  471): 	at java.lang.reflect.Method.invokeNative(Native Method)
W/BroadcastQueue(  471): 	at java.lang.reflect.Method.invoke(Method.java:515)
W/BroadcastQueue(  471): 	at com.dianxinos.binderservice.AbstractBinderService.handleRequestOriginal(AbstractBinderService.java:360)
W/BroadcastQueue(  471): 	at com.dianxinos.binderservice.AbstractBinderService.onTransact(AbstractBinderService.java:286)
W/BroadcastQueue(  471): 	at com.dianxinos.binderservice.impl.ActivityBinderService.onTransact(ActivityBinderService.java:273)
W/BroadcastQueue(  471): 	at android.os.Binder.execTransact(Binder.java:404)
W/BroadcastQueue(  471): 	at dalvik.system.NativeStart.run(Native Method)
I/ActivityManager(  471): moveTaskToBack: 5
W/NativeCrashListener(  471): Couldn't find ProcessRecord for pid 4128
I/BootReceiver(  471): Copying /data/tombstones/tombstone_08 to DropBox (SYSTEM_TOMBSTONE)
W/Vold    (  133): subsystem found in netlink event
D/Vold    (  133): usb, 1
D/Vold    (  133): == current usb device: 1B3F/2007 ===
W/Vold    (  133): subsystem found in netlink event
D/Vold    (  133): usb, 1
W/Vold    (  133): subsystem found in netlink event
D/Vold    (  133): usb, 1
W/Vold    (  133): subsystem found in netlink event
D/Vold    (  133): usb, 1
W/Vold    (  133): subsystem found in netlink event
D/Vold    (  133): usb, 1
V/WiredAccessoryManager(  471): Headset UEVENT: {SUBSYSTEM=switch, SWITCH_STATE=30, DEVPATH=/devices/virtual/switch/usb_audio_playback, SEQNUM=1525, ACTION=change, SWITCH_NAME=usb_audio_playback}
V/WiredAccessoryManager(  471): cardDeviceName: card=3;device=0
W/ContextImpl(  471): Calling a method in the system process without a qualified user: android.app.ContextImpl.sendBroadcast:1138 com.android.server.WiredAccessoryManager$WiredAccessoryObserver.onUEvent:483 android.os.UEventObserver$UEventThread.sendEvent:210 android.os.UEventObserver$UEventThread.run:187 <bottom of call stack> 
V/WiredAccessoryManager(  471): Headset UEVENT: {SUBSYSTEM=switch, SWITCH_STATE=30, DEVPATH=/devices/virtual/switch/usb_audio_capture, SEQNUM=1526, ACTION=change, SWITCH_NAME=usb_audio_capture}
V/WiredAccessoryManager(  471): cardDeviceName: card=3;device=0
W/ContextImpl(  471): Calling a method in the system process without a qualified user: android.app.ContextImpl.sendBroadcast:1138 com.android.server.usb.UsbSettingsManager.deviceAttached:621 com.android.server.usb.UsbHostManager.usbDeviceAdded:156 com.android.server.usb.UsbHostManager.monitorUsbHostBus:-2 com.android.server.usb.UsbHostManager.access$000:38 
W/ContextImpl(  471): Calling a method in the system process without a qualified user: android.app.ContextImpl.sendBroadcast:1138 com.android.server.WiredAccessoryManager$WiredAccessoryObserver.onUEvent:483 android.os.UEventObserver$UEventThread.sendEvent:210 android.os.UEventObserver$UEventThread.run:187 <bottom of call stack> 
I/ActivityManager(  471): START u0 {flg=0x10200000 cmp=com.android.systemui/.recent.RecentsActivity} from pid 471
I/ActivityManager(  471): START u0 {flg=0x10200000 cmp=com.android.systemui/.recent.RecentsActivity} from pid 471
I/ActivityManager(  471): START u0 {flg=0x10200000 cmp=com.android.systemui/.recent.RecentsActivity} from pid 471
I/ActivityManager(  471): START u0 {act=android.intent.action.MAIN cat=[android.intent.category.HOME] flg=0x10200000 cmp=com.cloudroom.CLOUDROOMMgr/com.cloudroom.MeetingMgr.MeetingMgrActivity} from pid 471
W/Vold    (  133): subsystem found in netlink event
D/Vold    (  133): usb, 1
D/Vold    (  133): == current usb device: 046D/082D ===
W/Vold    (  133): subsystem found in netlink event
D/Vold    (  133): usb, 1
W/Vold    (  133): subsystem found in netlink event
D/Vold    (  133): usb, 1
W/Vold    (  133): subsystem found in netlink event
D/Vold    (  133): usb, 1
V/WiredAccessoryManager(  471): Headset UEVENT: {SUBSYSTEM=switch, SWITCH_STATE=40, DEVPATH=/devices/virtual/switch/usb_audio_capture, SEQNUM=1545, ACTION=change, SWITCH_NAME=usb_audio_capture}
V/WiredAccessoryManager(  471): cardDeviceName: card=4;device=0
W/Vold    (  133): subsystem found in netlink event
D/Vold    (  133): usb, 1
W/ContextImpl(  471): Calling a method in the system process without a qualified user: android.app.ContextImpl.sendBroadcast:1138 com.android.server.WiredAccessoryManager$WiredAccessoryObserver.onUEvent:483 android.os.UEventObserver$UEventThread.sendEvent:210 android.os.UEventObserver$UEventThread.run:187 <bottom of call stack> 
W/ContextImpl(  471): Calling a method in the system process without a qualified user: android.app.ContextImpl.sendBroadcast:1138 com.android.server.usb.UsbSettingsManager.deviceAttached:621 com.android.server.usb.UsbHostManager.usbDeviceAdded:156 com.android.server.usb.UsbHostManager.monitorUsbHostBus:-2 com.android.server.usb.UsbHostManager.access$000:38 
I/ActivityManager(  471): START u0 {flg=0x10000000 cmp=com.cloudroom.qmartad/.activity.MainActivity} from pid 4187
W/Vold    (  133): subsystem found in netlink event
D/Vold    (  133): usb, 2
W/Vold    (  133): subsystem found in netlink event
D/Vold    (  133): usb, 2
W/Vold    (  133): subsystem found in netlink event
D/Vold    (  133): usb, 2
W/Vold    (  133): subsystem found in netlink event
D/Vold    (  133): usb, 2
W/Vold    (  133): subsystem found in netlink event
D/Vold    (  133): usb, 2
V/WiredAccessoryManager(  471): Headset UEVENT: {SUBSYSTEM=switch, SWITCH_STATE=30, DEVPATH=/devices/virtual/switch/usb_audio_capture, SEQNUM=1556, ACTION=change, SWITCH_NAME=usb_audio_capture}
V/WiredAccessoryManager(  471): cardDeviceName: card=3;device=0
