V/BackupManagerService(  471): Registering transport android/com.android.internal.backup.LocalTransportService::android/com.android.internal.backup.LocalTransport = com.android.internal.backup.LocalTransport@41baa820
I/Vold    (  133): Error(call No.1) opening /sys/sd-sdio/rescan in the file of VOlume.cpp
D/Vold    (  133): Volume external_sd state changing 3 (Checking) -> 4 (Mounted)
I/MountService(  471): onEvent:: raw= 613 external_sd /mnt/external_sd "42D1-6E16" cooked =  613 external_sd /mnt/external_sd 42D1-6E16
I/MountService(  471): onEvent:: raw= 614 external_sd /mnt/external_sd cooked =  614 external_sd /mnt/external_sd
E/VoldConnector(  471): NDC Command {3 volume mount /mnt/external_sd} took too long (737ms)
I/MountService(  471): doMountVolume: Mouting /mnt/internal_sd
I/Vold    (  133): /dev/block/vold/179:14 being considered for volume internal_sd,1
I/Vold    (  133):  
D/Vold    (  133): Volume internal_sd state changing 1 (Idle-Unmounted) -> 3 (Checking)
I/MountService(  471): onEvent:: raw= 605 Volume external_sd /mnt/external_sd state changed from 3 (Checking) to 4 (Mounted) cooked =  605 Volume external_sd /mnt/external_sd state changed from 3 (Checking) to 4 (Mounted)
I/MountService(  471): notifyVolumeStateChange::checking
I/MountService(  471): updating volume state mounted
D/MountService(  471): volume state changed for /mnt/external_sd (checking -> mounted)
D/MountService(  471): sendStorageIntent Intent { act=android.intent.action.MEDIA_MOUNTED dat=file:///mnt/external_sd (has extras) } to UserHandle{-1}
I/MountService(  471): onEvent:: raw= 605 Volume internal_sd /mnt/internal_sd state changed from 1 (Idle-Unmounted) to 3 (Checking) cooked =  605 Volume internal_sd /mnt/internal_sd state changed from 1 (Idle-Unmounted) to 3 (Checking)
I/MountService(  471): notifyVolumeStateChange::unmounted
I/MountService(  471): updating volume state checking
D/MountService(  471): volume state changed for /mnt/internal_sd (unmounted -> checking)
D/MountService(  471): sendStorageIntent Intent { act=android.intent.action.MEDIA_CHECKING dat=file:///mnt/internal_sd (has extras) } to UserHandle{-1}
I/ActivityManager(  471): Start proc com.google.process.gapps for content provider com.google.android.gsf/.gservices.GservicesProvider: pid=771 uid=10007 gids={50007, 3003, 1007, 1028, 1015, 3002, 3001, 3007, 2001, 3006}
I/ActivityManager(  471): Start proc com.android.smspush for service com.android.smspush/.WapPushManager: pid=787 uid=10063 gids={50063}
D/MobileDataStateTracker(  471): fota: Broadcast received: android.intent.action.ANY_DATA_STATE apnType=fota
D/MobileDataStateTracker(  471): fota: Received state=DISCONNECTED, old=DISCONNECTED, reason=radioTurnedOff
D/MobileDataStateTracker(  471): ia: Broadcast received: android.intent.action.ANY_DATA_STATE apnType=ia
D/MobileDataStateTracker(  471): ia: Received state=DISCONNECTED, old=DISCONNECTED, reason=radioTurnedOff
D/MobileDataStateTracker(  471): supl: Broadcast received: android.intent.action.ANY_DATA_STATE apnType=supl
D/MobileDataStateTracker(  471): supl: Received state=DISCONNECTED, old=DISCONNECTED, reason=radioTurnedOff
D/MobileDataStateTracker(  471): hipri: Broadcast received: android.intent.action.ANY_DATA_STATE apnType=hipri
D/MobileDataStateTracker(  471): hipri: Received state=DISCONNECTED, old=DISCONNECTED, reason=radioTurnedOff
D/MobileDataStateTracker(  471): ims: Broadcast received: android.intent.action.ANY_DATA_STATE apnType=ims
D/MobileDataStateTracker(  471): ims: Received state=DISCONNECTED, old=DISCONNECTED, reason=radioTurnedOff
D/MobileDataStateTracker(  471): default: Broadcast received: android.intent.action.ANY_DATA_STATE apnType=default
D/MobileDataStateTracker(  471): default: Received state=DISCONNECTED, old=DISCONNECTED, reason=radioTurnedOff
D/MobileDataStateTracker(  471): mms: Broadcast received: android.intent.action.ANY_DATA_STATE apnType=mms
D/MobileDataStateTracker(  471): mms: Received state=DISCONNECTED, old=DISCONNECTED, reason=radioTurnedOff
D/MobileDataStateTracker(  471): cbs: Broadcast received: android.intent.action.ANY_DATA_STATE apnType=cbs
D/MobileDataStateTracker(  471): cbs: Received state=DISCONNECTED, old=DISCONNECTED, reason=radioTurnedOff
D/MobileDataStateTracker(  471): fota: Broadcast received: android.intent.action.ANY_DATA_STATE apnType=fota
D/MobileDataStateTracker(  471): fota: Received state=DISCONNECTED, old=DISCONNECTED, reason=radioTurnedOff
D/MobileDataStateTracker(  471): ia: Broadcast received: android.intent.action.ANY_DATA_STATE apnType=ia
D/MobileDataStateTracker(  471): ia: Received state=DISCONNECTED, old=DISCONNECTED, reason=radioTurnedOff
D/MobileDataStateTracker(  471): supl: Broadcast received: android.intent.action.ANY_DATA_STATE apnType=supl
D/MobileDataStateTracker(  471): supl: Received state=DISCONNECTED, old=DISCONNECTED, reason=radioTurnedOff
D/MobileDataStateTracker(  471): hipri: Broadcast received: android.intent.action.ANY_DATA_STATE apnType=hipri
D/MobileDataStateTracker(  471): hipri: Received state=DISCONNECTED, old=DISCONNECTED, reason=radioTurnedOff
D/MobileDataStateTracker(  471): ims: Broadcast received: android.intent.action.ANY_DATA_STATE apnType=ims
D/MobileDataStateTracker(  471): ims: Received state=DISCONNECTED, old=DISCONNECTED, reason=radioTurnedOff
D/MobileDataStateTracker(  471): default: Broadcast received: android.intent.action.ANY_DATA_STATE apnType=default
D/MobileDataStateTracker(  471): default: Received state=DISCONNECTED, old=DISCONNECTED, reason=radioTurnedOff
D/MobileDataStateTracker(  471): mms: Broadcast received: android.intent.action.ANY_DATA_STATE apnType=mms
D/MobileDataStateTracker(  471): mms: Received state=DISCONNECTED, old=DISCONNECTED, reason=radioTurnedOff
D/MobileDataStateTracker(  471): cbs: Broadcast received: android.intent.action.ANY_DATA_STATE apnType=cbs
D/MobileDataStateTracker(  471): cbs: Received state=DISCONNECTED, old=DISCONNECTED, reason=radioTurnedOff
D/MobileDataStateTracker(  471): fota: Broadcast received: android.intent.action.ANY_DATA_STATE apnType=fota
D/MobileDataStateTracker(  471): fota: Received state=DISCONNECTED, old=DISCONNECTED, reason=dataDetached
D/MobileDataStateTracker(  471): ia: Broadcast received: android.intent.action.ANY_DATA_STATE apnType=ia
I/Vold    (  133): Filesystem check completed OK
D/MobileDataStateTracker(  471): ia: Received state=DISCONNECTED, old=DISCONNECTED, reason=dataDetached
D/MobileDataStateTracker(  471): supl: Broadcast received: android.intent.action.ANY_DATA_STATE apnType=supl
D/MobileDataStateTracker(  471): supl: Received state=DISCONNECTED, old=DISCONNECTED, reason=dataDetached
D/MobileDataStateTracker(  471): hipri: Broadcast received: android.intent.action.ANY_DATA_STATE apnType=hipri
D/MobileDataStateTracker(  471): hipri: Received state=DISCONNECTED, old=DISCONNECTED, reason=dataDetached
D/MobileDataStateTracker(  471): ims: Broadcast received: android.intent.action.ANY_DATA_STATE apnType=ims
D/MobileDataStateTracker(  471): ims: Received state=DISCONNECTED, old=DISCONNECTED, reason=dataDetached
D/MobileDataStateTracker(  471): default: Broadcast received: android.intent.action.ANY_DATA_STATE apnType=default
D/MobileDataStateTracker(  471): default: Received state=DISCONNECTED, old=DISCONNECTED, reason=dataDetached
D/MobileDataStateTracker(  471): mms: Broadcast received: android.intent.action.ANY_DATA_STATE apnType=mms
D/MobileDataStateTracker(  471): mms: Received state=DISCONNECTED, old=DISCONNECTED, reason=dataDetached
D/MobileDataStateTracker(  471): cbs: Broadcast received: android.intent.action.ANY_DATA_STATE apnType=cbs
D/MobileDataStateTracker(  471): cbs: Received state=DISCONNECTED, old=DISCONNECTED, reason=dataDetached
D/MobileDataStateTracker(  471): fota: Broadcast received: android.intent.action.ANY_DATA_STATE apnType=fota
D/MobileDataStateTracker(  471): fota: Received state=DISCONNECTED, old=DISCONNECTED, reason=roamingOff
D/MobileDataStateTracker(  471): ia: Broadcast received: android.intent.action.ANY_DATA_STATE apnType=ia
D/MobileDataStateTracker(  471): ia: Received state=DISCONNECTED, old=DISCONNECTED, reason=roamingOff
D/MobileDataStateTracker(  471): supl: Broadcast received: android.intent.action.ANY_DATA_STATE apnType=supl
D/MobileDataStateTracker(  471): supl: Received state=DISCONNECTED, old=DISCONNECTED, reason=roamingOff
D/MobileDataStateTracker(  471): hipri: Broadcast received: android.intent.action.ANY_DATA_STATE apnType=hipri
D/MobileDataStateTracker(  471): hipri: Received state=DISCONNECTED, old=DISCONNECTED, reason=roamingOff
D/MobileDataStateTracker(  471): ims: Broadcast received: android.intent.action.ANY_DATA_STATE apnType=ims
D/MobileDataStateTracker(  471): ims: Received state=DISCONNECTED, old=DISCONNECTED, reason=roamingOff
D/MobileDataStateTracker(  471): default: Broadcast received: android.intent.action.ANY_DATA_STATE apnType=default
D/MobileDataStateTracker(  471): default: Received state=DISCONNECTED, old=DISCONNECTED, reason=roamingOff
D/MobileDataStateTracker(  471): mms: Broadcast received: android.intent.action.ANY_DATA_STATE apnType=mms
D/MobileDataStateTracker(  471): mms: Received state=DISCONNECTED, old=DISCONNECTED, reason=roamingOff
D/MobileDataStateTracker(  471): cbs: Broadcast received: android.intent.action.ANY_DATA_STATE apnType=cbs
D/MobileDataStateTracker(  471): cbs: Received state=DISCONNECTED, old=DISCONNECTED, reason=roamingOff
I/MountService(  471): onEvent:: raw= 613 internal_sd /mnt/internal_sd "4259-0DFA" cooked =  613 internal_sd /mnt/internal_sd 4259-0DFA
I/MountService(  471): onEvent:: raw= 614 internal_sd /mnt/internal_sd "ROCKCHIPS" cooked =  614 internal_sd /mnt/internal_sd ROCKCHIPS
D/Vold    (  133): Volume internal_sd state changing 3 (Checking) -> 4 (Mounted)
E/VoldConnector(  471): NDC Command {4 volume mount /mnt/internal_sd} took too long (539ms)
I/MountService(  471): onEvent:: raw= 605 Volume internal_sd /mnt/internal_sd state changed from 3 (Checking) to 4 (Mounted) cooked =  605 Volume internal_sd /mnt/internal_sd state changed from 3 (Checking) to 4 (Mounted)
I/MountService(  471): notifyVolumeStateChange::checking
I/MountService(  471): updating volume state mounted
D/MountService(  471): volume state changed for /mnt/internal_sd (checking -> mounted)
D/MountService(  471): sendStorageIntent Intent { act=android.intent.action.MEDIA_MOUNTED dat=file:///mnt/internal_sd (has extras) } to UserHandle{-1}
D/MountService(  471): sharedvolumeNum: 0 ;avail: false
I/ActivityManager(  471): Start proc com.google.android.gms.ui for broadcast com.google.android.gms/com.google.android.location.network.LocationProviderChangeReceiver: pid=847 uid=10007 gids={50007, 3003, 1007, 1028, 1015, 3002, 3001, 3007, 2001, 3006}
W/PackageManager(  471): Not granting permission android.permission.INSTALL_LOCATION_PROVIDER to package com.google.android.location (protectionLevel=18 flags=0x88be45)
I/PackageManager(  471): Un-granting permission android.permission.UPDATE_DEVICE_STATS from package com.google.android.location (protectionLevel=18 flags=0x88be45)
W/PackageManager(  471): Not granting permission android.permission.GLOBAL_SEARCH to package com.android.quicksearchbox (protectionLevel=18 flags=0x88be45)
W/PackageManager(  471): Unknown permission com.android.vending.billing.IBillingAccountService.BIND2 in package com.google.android.gsf.login
W/PackageManager(  471): Unknown permission com.android.chrome.TOS_ACKED in package com.google.android.gsf.login
W/PackageManager(  471): Unknown permission com.google.android.gallery3d.permission.GALLERY_PROVIDER in package com.android.bluetooth
W/PackageManager(  471): Not granting permission android.permission.ACCESS_DOWNLOAD_MANAGER to package com.android.browser (protectionLevel=18 flags=0x89be45)
W/PackageManager(  471): Not granting permission android.permission.SEND_DOWNLOAD_COMPLETED_INTENTS to package com.android.browser (protectionLevel=2 flags=0x89be45)
W/PackageManager(  471): Not granting permission android.permission.WRITE_MEDIA_STORAGE to package com.android.music (protectionLevel=18 flags=0x88be65)
W/PackageManager(  471): Not granting permission android.permission.DEVICE_POWER to package com.android.music (protectionLevel=2 flags=0x88be65)
W/PackageManager(  471): Unknown permission com.android.launcher.permission.READ_SETTINGS in package com.android.onetimeinitializer
W/PackageManager(  471): Unknown permission com.android.launcher.permission.WRITE_SETTINGS in package com.android.onetimeinitializer
W/PackageManager(  471): Not granting permission android.permission.BIND_WALLPAPER to package com.android.camera2 (protectionLevel=18 flags=0xd8bc45)
W/PackageManager(  471): Unknown permission android.permission.INSTALL_DRM in package com.android.mms
W/PackageManager(  471): Not granting permission android.permission.READ_LOGS to package com.cloudroom.CLOUDROOMMgr (protectionLevel=50 flags=0x88be44)
W/PackageManager(  471): Not granting permission android.permission.WRITE_SECURE_SETTINGS to package com.dianxinos.superuser (protectionLevel=50 flags=0x883e04)
W/PackageManager(  471): Not granting permission android.permission.INSTALL_PACKAGES to package com.dianxinos.superuser (protectionLevel=18 flags=0x883e04)
W/PackageManager(  471): Not granting permission android.permission.DELETE_PACKAGES to package com.dianxinos.superuser (protectionLevel=18 flags=0x883e04)
W/PackageManager(  471): Not granting permission android.permission.CLEAR_APP_USER_DATA to package com.dianxinos.superuser (protectionLevel=2 flags=0x883e04)
W/PackageManager(  471): Unknown permission android.permission.RECOVERY in package com.google.android.gms
W/PackageManager(  471): Not granting permission android.permission.READ_DREAM_STATE to package com.google.android.gms (protectionLevel=2 flags=0x40c83e45)
W/PackageManager(  471): Unknown permission android.permission.PROVIDE_TRUST_AGENT in package com.google.android.gms
W/PackageManager(  471): Unknown permission com.google.android.apps.enterprise.dmagent.permission.AutoSyncPermission in package com.google.android.gms
W/PackageManager(  471): Unknown permission com.google.android.googlequicksearchbox.permission.PAUSE_HOTWORD in package com.google.android.gms
W/PackageManager(  471): Unknown permission android.permission.MANAGE_VOICE_KEYPHRASES in package com.google.android.gms
W/PackageManager(  471): Unknown permission android.permission.REAL_GET_TASKS in package com.google.android.gms
W/PackageManager(  471): Unknown permission com.google.android.hangouts.START_HANGOUT in package com.google.android.gms
W/PackageManager(  471): Unknown permission android.permission.READ_WIFI_CREDENTIAL in package com.google.android.gms
W/PackageManager(  471): Unknown permission android.permission.CONTROL_INCALL_EXPERIENCE in package com.google.android.gms
W/PackageManager(  471): Unknown permission android.permission.USER_ACTIVITY in package com.google.android.gms
W/PackageManager(  471): Unknown permission com.google.android.wearable.READ_SETTINGS in package com.google.android.gms
W/PackageManager(  471): Unknown permission android.permission.SCORE_NETWORKS in package com.google.android.gms
W/PackageManager(  471): Unknown permission com.android.voicemail.permission.READ_VOICEMAIL in package com.google.android.gms
W/PackageManager(  471): Unknown permission android.permission.BODY_SENSORS in package com.google.android.gms
W/PackageManager(  471): Not granting permission android.permission.FORCE_STOP_PACKAGES to package com.google.android.gms (protectionLevel=2 flags=0x40c83e45)
W/PackageManager(  471): Unknown permission com.google.android.gallery3d.permission.PICASA_STORE in package com.android.dreams.phototable
W/PackageManager(  471): Unknown permission com.android.launcher.permission.READ_SETTINGS in package com.android.settings
W/PackageManager(  471): Unknown permission com.android.launcher.permission.WRITE_SETTINGS in package com.android.settings
W/PackageManager(  471): Not granting permission android.permission.ACCESS_DOWNLOAD_MANAGER to package com.baiyi_mobile.easyroot (protectionLevel=18 flags=0x80be44)
W/PackageManager(  471): Unknown permission android.permission.ACCESS_MTK_MMHW in package com.baiyi_mobile.easyroot
W/PackageManager(  471): Not granting permission android.permission.ACCESS_DOWNLOAD_MANAGER_ADVANCED to package com.baiyi_mobile.easyroot (protectionLevel=18 flags=0x80be44)
W/PackageManager(  471): Not granting permission android.permission.READ_LOGS to package com.baiyi_mobile.easyroot (protectionLevel=50 flags=0x80be44)
W/PackageManager(  471): Not granting permission android.permission.ACCESS_SUPERUSER to package com.baiyi_mobile.easyroot because it was previously installed without
W/PackageManager(  471): Not granting permission android.permission.INSTALL_PACKAGES to package com.baiyi_mobile.easyroot (protectionLevel=18 flags=0x80be44)
W/PackageManager(  471): Not granting permission android.permission.DELETE_PACKAGES to package com.baiyi_mobile.easyroot (protectionLevel=18 flags=0x80be44)
W/PackageManager(  471): Not granting permission android.permission.CLEAR_APP_USER_DATA to package com.baiyi_mobile.easyroot (protectionLevel=2 flags=0x80be44)
W/PackageManager(  471): Unknown permission com.amazon.permission.SET_FLAG_NOSOFTKEYS in package com.netflix.mediaclient
W/PackageManager(  471): Not granting permission android.permission.INSTALL_PACKAGES to package com.android.apkinstaller (protectionLevel=18 flags=0x88be45)
W/PackageManager(  471): Not granting permission android.permission.DELETE_PACKAGES to package com.android.apkinstaller (protectionLevel=18 flags=0x88be45)
W/PackageManager(  471): Unknown permission com.android.launcher.permission.READ_SETTINGS in package com.google.android.googlequicksearchbox
W/PackageManager(  471): Unknown permission com.android.launcher.permission.WRITE_SETTINGS in package com.google.android.googlequicksearchbox
W/PackageManager(  471): Unknown permission com.google.android.voicesearch.SHORTCUTS_ACCESS in package com.google.android.googlequicksearchbox
W/PackageManager(  471): Unknown permission com.google.android.ears.permission.WRITE in package com.google.android.googlequicksearchbox
W/PackageManager(  471): Unknown permission com.google.android.apps.googlevoice.permission.AUTO_SEND in package com.google.android.googlequicksearchbox
W/PackageManager(  471): Unknown permission com.android.chrome.PRERENDER_URL in package com.google.android.googlequicksearchbox
W/PackageManager(  471): Unknown permission com.android.email.permission.READ_ATTACHMENT in package com.android.exchange
W/PackageManager(  471): Unknown permission com.android.email.permission.ACCESS_PROVIDER in package com.android.exchange
W/PackageManager(  471): Unknown permission android.Manifest.permission.INJECT_EVENTS in package com.rockchip.devicetest
W/PackageManager(  471): Not granting permission android.permission.MOUNT_UNMOUNT_FILESYSTEMS to package com.rockchip.mediacenter (protectionLevel=18 flags=0x88be45)
W/PackageManager(  471): Not granting permission android.permission.DEVICE_POWER to package com.rockchip.mediacenter (protectionLevel=2 flags=0x88be45)
W/PackageManager(  471): Unknown permission com.android.email.permission.READ_ATTACHMENT in package com.rockchip.mediacenter
W/PackageManager(  471): Not granting permission android.permission.DELETE_PACKAGES to package com.svox.pico (protectionLevel=18 flags=0x88be45)
W/PackageManager(  471): Unknown permission rockchip.permission.FULL_SCREEN in package android.rk.RockVideoPlayer
W/PackageManager(  471): Unknown permission android.permission.RAISED_THREAD_PRIORITY in package android.rk.RockVideoPlayer
W/PackageManager(  471): Unknown permission android.permission.FULL_SCREEN in package android.rk.RockVideoPlayer
W/PackageManager(  471): Unknown permission archos.permission.FULL_SCREEN in package android.rk.RockVideoPlayer
W/PackageManager(  471): Unknown permission com.android.launcher.permission.PRELOAD_WORKSPACE in package com.google.android.partnersetup
W/PackageManager(  471): Not granting permission android.permission.MOUNT_UNMOUNT_FILESYSTEMS to package com.tchip.airplay (protectionLevel=18 flags=0x88be47)
W/PackageManager(  471): Not granting permission android.permission.ACCESS_SURFACE_FLINGER to package com.cloudroom.qmartad (protectionLevel=2 flags=0x88be44)
W/PackageManager(  471): Not granting permission android.permission.INSTALL_PACKAGES to package com.cloudroom.qmartad (protectionLevel=18 flags=0x88be44)
W/PackageManager(  471): Not granting permission android.permission.DELETE_PACKAGES to package com.cloudroom.qmartad (protectionLevel=18 flags=0x88be44)
W/PackageManager(  471): Unknown permission android.permission.RECORD_VIDEO in package com.cloudroom.CloudMeeting
W/PackageManager(  471): Not granting permission android.permission.READ_LOGS to package com.cloudroom.CloudMeeting (protectionLevel=50 flags=0x88be44)
W/PackageManager(  471): Unknown permission android.permission.REAL_GET_TASKS in package com.android.vending
W/PackageManager(  471): Not granting permission android.permission.SEND_DOWNLOAD_COMPLETED_INTENTS to package com.android.vending (protectionLevel=2 flags=0x408abe45)
W/PackageManager(  471): Unknown permission android.permission.SEND_SMS_NO_CONFIRMATION in package com.android.vending
W/PackageManager(  471): Not granting permission android.permission.FORCE_STOP_PACKAGES to package com.android.vending (protectionLevel=2 flags=0x408abe45)
W/PackageManager(  471): Not granting permission android.permission.DEVICE_POWER to package com.android.deskclock (protectionLevel=2 flags=0xc8be45)
W/PackageManager(  471): Not granting permission android.permission.READ_DREAM_STATE to package com.google.android.gsf (protectionLevel=2 flags=0x40883e45)
W/PackageSettings(  471): Skipping PackageSetting{417ade28 com.google.android.youtube/10070} due to missing metadata
W/PackageSettings(  471): Skipping PackageSetting{417b1480 com.skype.rover/10066} due to missing metadata
I/ActivityManager(  471): Start proc com.android.settings for broadcast com.android.settings/.widget.SettingsAppWidgetProvider: pid=880 uid=1000 gids={41000, 3003, 3002, 3001, 1028, 1015, 1023}
D/DisplayDeviceManagementService(  471): send cmd utils switchfb 0 1920x1080
W/ContextImpl(  880): Calling a method in the system process without a qualified user: android.app.ContextImpl.bindService:1558 android.content.ContextWrapper.bindService:520 android.bluetooth.BluetoothInputDevice.doBind:245 android.bluetooth.BluetoothInputDevice.<init>:238 android.bluetooth.BluetoothAdapter.getProfileProxy:1249 
W/ContextImpl(  880): Calling a method in the system process without a qualified user: android.app.ContextImpl.bindService:1558 android.content.ContextWrapper.bindService:520 android.bluetooth.BluetoothPan.doBind:149 android.bluetooth.BluetoothPan.<init>:141 android.bluetooth.BluetoothAdapter.getProfileProxy:1252 
W/ContextImpl(  880): Calling a method in the system process without a qualified user: android.app.ContextImpl.bindService:1558 android.content.ContextWrapper.bindService:520 android.bluetooth.BluetoothMap.doBind:109 android.bluetooth.BluetoothMap.<init>:102 android.bluetooth.BluetoothAdapter.getProfileProxy:1258 
W/ContextImpl(  880): Calling a method in the system process without a qualified user: android.app.ContextImpl.bindService:1558 android.content.ContextWrapper.bindService:520 android.bluetooth.BluetoothPbap.doBind:164 android.bluetooth.BluetoothPbap.<init>:157 com.android.settings.bluetooth.PbapServerProfile.<init>:68 
I/ActivityManager(  471): Start proc com.android.music for broadcast com.android.music/.MediaButtonIntentReceiver: pid=898 uid=10056 gids={50056, 3003, 1028, 1015}
I/ActivityManager(  471): Start proc com.google.android.gms.wearable for service com.google.android.gms/.wearable.service.WearableService: pid=914 uid=10007 gids={50007, 3003, 1007, 1028, 1015, 3002, 3001, 3007, 2001, 3006}
I/ActivityManager(  471): Start proc com.rockchip.devicetest for broadcast com.rockchip.devicetest/.BootReceiver: pid=947 uid=1000 gids={41000, 3003, 3002, 3001, 1028, 1015, 1023}
W/ContextImpl(  947): Calling a method in the system process without a qualified user: android.app.ContextImpl.startService:1494 android.content.ContextWrapper.startService:497 android.content.ContextWrapper.startService:497 com.rockchip.devicetest.BootReceiver.onReceive:58 android.app.ActivityThread.handleReceiver:2419 
I/ActivityManager(  471): Start proc com.android.externalstorage for broadcast com.android.externalstorage/.MountReceiver: pid=971 uid=10006 gids={50006, 1028, 1015, 1023}
I/ActivityManager(  471): Start proc com.baiyi_mobile.easyroot for broadcast com.baiyi_mobile.easyroot/com.android.ops.stub.receiver.DownloadReceiver: pid=985 uid=10071 gids={50071, 3003, 1028, 1015}
I/ActivityManager(  471): Start proc com.google.android.partnersetup for broadcast com.google.android.partnersetup/.PhoneStateReceiver: pid=1002 uid=10009 gids={50009, 3003}
I/ActivityManager(  471): Delay finish: com.google.android.gms/.gcm.ServiceAutoStarter
I/ActivityManager(  471): Resuming delayed broadcast
W/ContextImpl(  947): Calling a method in the system process without a qualified user: android.app.ContextImpl.startService:1494 android.content.ContextWrapper.startService:497 android.content.ContextWrapper.startService:497 com.rockchip.devicetest.BootReceiver.onReceive:58 android.app.ActivityThread.handleReceiver:2419 
I/ActivityManager(  471): Start proc com.tchip.remotecontrolserver for broadcast com.tchip.remotecontrolserver/.BootCompletedReceiver: pid=1036 uid=1000 gids={41000, 3003, 3002, 3001, 1028, 1015, 1023}
W/ContextImpl( 1036): Calling a method in the system process without a qualified user: android.app.ContextImpl.startService:1494 android.content.ContextWrapper.startService:497 android.content.ContextWrapper.startService:497 com.tchip.remotecontrolserver.BootCompletedReceiver.onReceive:13 android.app.ActivityThread.handleReceiver:2419 
I/ActivityManager(  471): Delay finish: com.tchip.remotecontrolserver/.BootCompletedReceiver
W/ContextImpl( 1036): Calling a method in the system process without a qualified user: android.app.ContextImpl.bindService:1558 android.content.ContextWrapper.bindService:520 com.tchip.dlna.cling.b.e:246 com.tchip.a.b.run:101 <bottom of call stack> 
W/ActivityThread( 1036): ClassLoader.loadClass: The class loader returned by Thread.getContextClassLoader() may fail for processes that host multiple applications. You should explicitly specify a context class loader. For example: Thread.setContextClassLoader(getClass().getClassLoader());
D/ConnectivityService(  471): ConnectivityChange for ETHERNET: CONNECTED/CONNECTED
W/ContextImpl(  471): Calling a method in the system process without a qualified user: android.app.ContextImpl.sendStickyBroadcast:1296 android.net.EthernetDataTracker.sendEthStateChangedBroadcast:112 android.net.EthernetDataTracker.access$1100:60 android.net.EthernetDataTracker$1.run:383 java.lang.Thread.run:841 
E/ConnectivityService(  471): Unexpected mtu value: android.net.EthernetDataTracker@4199deb8
D/Nat464Xlat(  471): requiresClat: netType=9, hasIPv4Address=true
I/ActivityManager(  471): Waited long enough for: ServiceRecord{41c8ce60 u0 com.android.music/.MediaPlaybackService}
I/ActivityManager(  471): Resuming delayed broadcast
I/ActivityManager(  471): Start proc com.tchip.datacollection for broadcast com.tchip.datacollection/.DataCollectionReceiver: pid=1105 uid=1000 gids={41000, 3003, 3002, 3001, 1028, 1015, 1023}
I/ActivityManager(  471): Start proc com.dianxinos.superuser for broadcast com.dianxinos.superuser/.SuCheckerReceiver: pid=1119 uid=10072 gids={50072, 3003, 1028, 1015}
W/ContextImpl(  947): Calling a method in the system process without a qualified user: android.app.ContextImpl.startService:1494 android.content.ContextWrapper.startService:497 android.content.ContextWrapper.startService:497 com.rockchip.devicetest.BootReceiver.onReceive:77 android.app.ActivityThread.handleReceiver:2419 
I/ActivityManager(  471): Delay finish: com.rockchip.devicetest/.BootReceiver
I/ActivityManager(  471): Waited long enough for: ServiceRecord{41c431c0 u0 android.rockchip.update.service/.RKUpdateService}
I/ActivityManager(  471): Resuming delayed broadcast
W/ContextImpl(  471): Calling a method in the system process without a qualified user: android.app.ContextImpl.bindService:1558 android.bluetooth.BluetoothHeadset.doBind:283 android.bluetooth.BluetoothHeadset.<init>:276 android.bluetooth.BluetoothAdapter.getProfileProxy:1243 android.media.AudioService.getBluetoothHeadset:2272 
W/ContextImpl(  471): Calling a method in the system process without a qualified user: android.app.ContextImpl.bindService:1558 android.bluetooth.BluetoothA2dp.doBind:165 android.bluetooth.BluetoothA2dp.<init>:158 android.bluetooth.BluetoothAdapter.getProfileProxy:1246 android.media.AudioService$AudioServiceBroadcastReceiver.onReceive:4213 
V/WiredAccessoryManager(  471): init()
I/PowerManagerService(  471): Boot animation finished.
I/ActivityManager(  471): Delay finish: com.baiyi_mobile.easyroot/.hookengine.comm.BootCompleteReceiver
I/ActivityManager(  471): Delaying start of: ServiceRecord{41c3ff78 u0 com.dianxinos.superuser/.service.DXWatcherService}
I/ActivityManager(  471): Start proc com.google.android.gms.unstable for service com.google.android.gms/.droidguard.DroidGuardService: pid=1208 uid=10007 gids={50007, 3003, 1007, 1028, 1015, 3002, 3001, 3007, 2001, 3006}
D/UsbDeviceManager(  471): Usb state is false false true
D/UsbDeviceManager(  471): -----get MSG_UPDATE_STATE_RETRY,and BootComplete,do updateUsbState
D/MountService(  471): sharedvolumeNum: 0 ;avail: false
W/ContextImpl( 1036): Calling a method in the system process without a qualified user: android.app.ContextImpl.sendBroadcast:1138 android.content.ContextWrapper.sendBroadcast:368 com.tchip.org.teleal.cling.android.d.onReceive:89 android.app.LoadedApk$ReceiverDispatcher$Args.run:768 android.os.Handler.handleCallback:733 
I/ActivityManager(  471): Waited long enough for: ServiceRecord{41aabf70 u0 com.tchip.remotecontrolserver/.RemoteService}
I/ActivityManager(  471): Resuming delayed broadcast
I/BootReceiver(  471): Copying /proc/last_kmsg to DropBox (SYSTEM_LAST_KMSG)
W/ContextImpl(  471): Calling a method in the system process without a qualified user: android.app.ContextImpl.startService:1494 android.content.ContextWrapper.startService:497 android.content.ContextWrapper.startService:497 com.android.user.experience.BootBroadcastReceiver.onReceive:31 android.app.ActivityThread.handleReceiver:2419 
I/ActivityManager(  471): Start proc android:userExpericenceService for service android/com.android.user.experience.UserExperienceService: pid=1292 uid=1000 gids={41000, 3003, 3002, 3001, 1028, 1015, 1023}
I/ActivityManager(  471): Start proc com.android.providers.calendar for broadcast com.android.providers.calendar/.CalendarReceiver: pid=1303 uid=10001 gids={50001, 3003, 1028, 1015}
I/ActivityManager(  471): Delay finish: com.android.providers.calendar/.CalendarReceiver
I/BootReceiver(  471): Copying audit failures to DropBox
I/BootReceiver(  471): Copied 0 worth of audits to DropBox
I/BootReceiver(  471): Checking for fsck errors
I/BootReceiver(  471): Copying /data/tombstones/tombstone_05 to DropBox (SYSTEM_TOMBSTONE)
I/ActivityManager(  471): Resuming delayed broadcast
I/ActivityManager(  471): Delay finish: com.android.providers.downloads/.DownloadReceiver
I/ActivityManager(  471): Resuming delayed broadcast
I/ActivityManager(  471): Delay finish: com.google.android.partnersetup/.GooglePartnerSetup
I/ActivityManager(  471): Resuming delayed broadcast
I/ActivityManager(  471): Delay finish: com.google.android.partnersetup/.RlzPingBroadcastReceiver
I/ActivityManager(  471): Resuming delayed broadcast
I/ActivityManager(  471): Delay finish: com.android.providers.media/.MediaScannerReceiver
I/ActivityManager(  471): Resuming delayed broadcast
I/ActivityManager(  471): Start proc com.android.onetimeinitializer for broadcast com.android.onetimeinitializer/.OneTimeInitializerReceiver: pid=1340 uid=10014 gids={50014}
I/ActivityManager(  471): Delay finish: com.android.onetimeinitializer/.OneTimeInitializerReceiver
I/ActivityManager(  471): Resuming delayed broadcast
I/ActivityManager(  471): Start proc com.android.vending for broadcast com.android.vending/com.google.android.finsky.receivers.BootCompletedReceiver: pid=1355 uid=10015 gids={50015, 3003, 1028, 1015}
I/ActivityManager(  471): Start proc com.google.android.googlequicksearchbox:search for broadcast com.google.android.googlequicksearchbox/com.google.android.search.core.StartUpReceiver: pid=1424 uid=10018 gids={50018, 3003, 1028, 3002, 1015}
W/ActivityThread(  748): ClassLoader.loadClass: The class loader returned by Thread.getContextClassLoader() may fail for processes that host multiple applications. You should explicitly specify a context class loader. For example: Thread.setContextClassLoader(getClass().getClassLoader());
I/ActivityManager(  471): Start proc com.android.calendar for broadcast com.android.calendar/.alerts.AlertReceiver: pid=1462 uid=10024 gids={50024, 3003}
I/ActivityManager(  471): Delay finish: com.android.calendar/.alerts.AlertReceiver
I/ActivityManager(  471): Waited long enough for: ServiceRecord{41cae200 u0 com.baiyi_mobile.easyroot/.hookengine.PermissionPromptService}
I/ActivityManager(  471): Resuming delayed broadcast
I/ActivityManager(  471): Start proc com.android.deskclock for broadcast com.android.deskclock/.AlarmInitReceiver: pid=1491 uid=10027 gids={50027, 1028}
I/ActivityManager(  471): Start proc com.google.android.gm for broadcast com.google.android.gm/.GoogleMailDeviceStartupReceiver: pid=1507 uid=10032 gids={50032, 3003, 1028, 1015}
D/ActivityThread( 1507): Loading provider com.android.gmail.ui: com.google.android.gm.provider.GmailProvider
I/ActivityManager(  471): Delay finish: com.google.android.gm/.GoogleMailDeviceStartupReceiver
I/ActivityManager(  471): Resuming delayed broadcast
I/ActivityManager(  471): Delay finish: com.google.android.gm/.MailIntentReceiver
I/ActivityManager(  471): Resuming delayed broadcast
I/ActivityManager(  471): Start proc com.cghs.stresstest for broadcast com.cghs.stresstest/.test.receiver.RebootReceiver: pid=1535 uid=1000 gids={41000, 3003, 3002, 3001, 1028, 1015, 1023}
I/ActivityManager(  471): Waited long enough for: ServiceRecord{41c3ff78 u0 com.dianxinos.superuser/.service.DXWatcherService}
I/ActivityManager(  471): Killing 718:android.process.acore/u0a2 (adj 15): empty #17
I/ActivityManager(  471): Start proc com.tchip.airplay for broadcast com.tchip.airplay/.AirplayReceiver: pid=1557 uid=10064 gids={50064, 3003, 1028, 1015}
I/ActivityManager(  471): Start proc com.tchip.airplay:remote for service com.tchip.airplay/.AirplayService: pid=1570 uid=10064 gids={50064, 3003, 1028, 1015}
I/ActivityManager(  471): Start proc com.rockchip.mediacenter for broadcast com.rockchip.mediacenter/.BootReceiver: pid=1583 uid=10065 gids={50065, 1028, 1015, 3003}
I/ActivityManager(  471): Killing 847:com.google.android.gms.ui/u0a7 (adj 15): empty #17
I/ActivityManager(  471): Start proc com.rockchip.mediacenter:service for service com.rockchip.mediacenter/.SystemDeviceService: pid=1598 uid=10065 gids={50065, 1028, 1015, 3003}
I/ActivityManager(  471): Delay finish: com.rockchip.mediacenter/.BootReceiver
I/ActivityManager(  471): Killing 971:com.android.externalstorage/u0a6 (adj 15): empty #17
I/ActivityManager(  471): Waited long enough for: ServiceRecord{41c5bda8 u0 com.android.calendar/.alerts.InitAlarmsService}
I/ActivityManager(  471): Resuming delayed broadcast
I/ActivityManager(  471): Start proc com.baiyi_mobile.easyroot:bdservice_v1 for broadcast com.baiyi_mobile.easyroot/com.baidu.android.pushservice.PushServiceReceiver: pid=1619 uid=10071 gids={50071, 3003, 1028, 1015}
I/ActivityManager(  471): Killing 697:com.android.printspooler/u0a51 (adj 15): empty #17
I/ActivityManager(  471): Delay finish: com.baiyi_mobile.easyroot/com.android.ops.stub.receiver.DownloadReceiver
W/ActivityManager(  471): Unable to start service Intent { act=com.google.android.gms.analytics.service.START cmp=com.google.android.gms/.analytics.service.AnalyticsService (has extras) } U=0: not found
W/ActivityManager(  471): Unable to start service Intent { act=com.google.android.gms.analytics.service.START cmp=com.google.android.gms/.analytics.service.AnalyticsService (has extras) } U=0: not found
I/ActivityManager(  471): Waited long enough for: ServiceRecord{41d00f10 u0 com.tchip.airplay/.AirplayService}
I/ActivityManager(  471): Resuming delayed broadcast
I/ActivityManager(  471): Delay finish: com.baiyi_mobile.easyroot/com.android.ops.stub.receiver.OpReceiver
I/ActivityManager(  471): Waited long enough for: ServiceRecord{41d088e0 u0 com.rockchip.mediacenter/.SystemDeviceService}
I/ActivityManager(  471): Resuming delayed broadcast
W/ContextImpl( 1105): Calling a method in the system process without a qualified user: android.app.ContextImpl.startService:1494 android.content.ContextWrapper.startService:497 android.content.ContextWrapper.startService:497 com.tchip.datacollection.DataCollectionReceiver.onReceive:57 android.app.ActivityThread.handleReceiver:2419 
I/ActivityManager(  471): Start proc com.tchip.datacollection:remote for service com.tchip.datacollection/.DataCollectionService: pid=1695 uid=1000 gids={41000, 3003, 3002, 3001, 1028, 1015, 1023}
I/ActivityManager(  471): Start proc com.android.rockchip for broadcast com.android.rockchip/.NetWorkReceiver: pid=1708 uid=1000 gids={41000, 3003, 3002, 3001, 1028, 1015, 1023}
I/ActivityManager(  471): Killing 914:com.google.android.gms.wearable/u0a7 (adj 15): empty #17
I/ActivityManager(  471): Delay finish: com.rockchip.devicetest/.BootReceiver
I/ActivityManager(  471): Killing 880:com.android.settings/1000 (adj 15): empty #17
I/ActivityManager(  471): Waited long enough for: ServiceRecord{41d22718 u0 com.baiyi_mobile.easyroot/com.baidu.android.pushservice.PushService}
I/ActivityManager(  471): Resuming delayed broadcast
W/ContextImpl( 1105): Calling a method in the system process without a qualified user: android.app.ContextImpl.startService:1494 android.content.ContextWrapper.startService:497 android.content.ContextWrapper.startService:497 com.tchip.datacollection.DataCollectionReceiver.onReceive:57 android.app.ActivityThread.handleReceiver:2419 
I/ActivityManager(  471): Delay finish: com.android.calendar/.alerts.AlertReceiver
I/ActivityManager(  471): Resuming delayed broadcast
I/ActivityManager(  471): Killing 1340:com.android.onetimeinitializer/u0a14 (adj 15): empty #17
I/ActivityManager(  471): Delay finish: com.android.providers.calendar/.CalendarProviderBroadcastReceiver
I/ActivityManager(  471): Resuming delayed broadcast
I/ActivityManager(  471): Delay finish: com.google.android.gm/.MailIntentReceiver
I/ActivityManager(  471): Resuming delayed broadcast
I/ActivityManager(  471): Delay finish: com.android.providers.calendar/.CalendarProviderBroadcastReceiver
E/ActivityThread(  985): Failed to find provider info for com.cloudroom.CLOUDROOMMgr
I/ActivityManager(  471): Resuming delayed broadcast
D/ConnectivityService(  471): Sampling interval elapsed, updating statistics ..
D/ConnectivityService(  471): Done.
D/ConnectivityService(  471): Setting timer for 720seconds
I/ActivityManager(  471): Start proc com.android.musicfx for broadcast com.android.musicfx/.ControlPanelReceiver: pid=1770 uid=10013 gids={50013, 3003, 3002}
I/ActivityManager(  471): Killing 898:com.android.music/u0a56 (adj 15): empty #17
I/ActivityManager(  471): Killing 1355:com.android.vending/u0a15 (adj 15): empty #17
I/ActivityManager(  471): Waited long enough for: ServiceRecord{41cb4738 u0 com.baiyi_mobile.easyroot/com.android.ops.stub.service.OpService}
I/ActivityManager(  471): Waited long enough for: ServiceRecord{41c6a150 u0 com.baiyi_mobile.easyroot/com.android.ops.stub.service.UBCService}
W/Vold    (  133): subsystem found in netlink event
D/Vold    (  133): usb, 1
D/Vold    (  133): == current usb device: 1A2C/0C21 ===
W/Vold    (  133): subsystem found in netlink event
D/Vold    (  133): usb, 1
W/Vold    (  133): subsystem found in netlink event
D/Vold    (  133): usb, 1
W/Vold    (  133): subsystem found in netlink event
D/Vold    (  133): usb, 1
D/Vold    (  133): == current usb device: 093A/2510 ===
W/Vold    (  133): subsystem found in netlink event
D/Vold    (  133): usb, 1
I/ActivityManager(  471): Start proc com.cloudroom.qmartad for service com.cloudroom.qmartad/.service.GetStartedService: pid=1808 uid=10076 gids={50076, 1028, 3003, 1015}
I/ActivityManager(  471): START u0 {act=MeetingTool.ACTION_START_MEETING_CLOUDROOM flg=0x10000000 cmp=com.cloudroom.CloudMeeting/.MainActivity (has extras)} from pid 682
I/ActivityManager(  471): Start proc com.cloudroom.CloudMeeting for activity com.cloudroom.CloudMeeting/.MainActivity: pid=1839 uid=10075 gids={50075, 3003, 1028, 1015}
I/ActivityManager(  471): Killing 1002:com.google.android.partnersetup/u0a9 (adj 15): empty #17
I/ActivityManager(  471): moveTaskToBack: 2
I/ActivityManager(  471): START u0 {flg=0x10000000 cmp=com.cloudroom.qmartad/.activity.MainActivity} from pid 1808
I/ActivityManager(  471): Process com.cloudroom.CloudMeeting (pid 1839) has died.
I/WindowState(  471): WIN DEATH: Window{41cddcb0 u0 com.cloudroom.CloudMeeting/com.cloudroom.CloudMeeting.MainActivity}
W/WindowManager(  471): Force-removing child win Window{41bdaa98 u0 SurfaceView} from container Window{41cddcb0 u0 com.cloudroom.CloudMeeting/com.cloudroom.CloudMeeting.MainActivity}
W/WindowManager(  471): Force-removing child win Window{41cfc168 u0 SurfaceView} from container Window{41cddcb0 u0 com.cloudroom.CloudMeeting/com.cloudroom.CloudMeeting.MainActivity}
W/WindowManager(  471): Failed looking up window
W/WindowManager(  471): java.lang.IllegalArgumentException: Requested window android.os.BinderProxy@41a9b800 does not exist
W/WindowManager(  471): 	at com.android.server.wm.WindowManagerService.windowForClientLocked(WindowManagerService.java:8232)
W/WindowManager(  471): 	at com.android.server.wm.WindowManagerService.windowForClientLocked(WindowManagerService.java:8223)
W/WindowManager(  471): 	at com.android.server.wm.WindowState$DeathRecipient.binderDied(WindowState.java:1047)
W/WindowManager(  471): 	at android.os.BinderProxy.sendDeathNotice(Binder.java:493)
W/WindowManager(  471): 	at dalvik.system.NativeStart.run(Native Method)
I/WindowState(  471): WIN DEATH: null
W/WindowManager(  471): Failed looking up window
W/WindowManager(  471): java.lang.IllegalArgumentException: Requested window android.os.BinderProxy@41c71270 does not exist
W/WindowManager(  471): 	at com.android.server.wm.WindowManagerService.windowForClientLocked(WindowManagerService.java:8232)
W/WindowManager(  471): 	at com.android.server.wm.WindowManagerService.windowForClientLocked(WindowManagerService.java:8223)
W/WindowManager(  471): 	at com.android.server.wm.WindowState$DeathRecipient.binderDied(WindowState.java:1047)
W/WindowManager(  471): 	at android.os.BinderProxy.sendDeathNotice(Binder.java:493)
W/WindowManager(  471): 	at dalvik.system.NativeStart.run(Native Method)
I/WindowState(  471): WIN DEATH: null
I/ActivityManager(  471): START u0 {act=MeetingTool.ACTION_START_MEETING_CLOUDROOM flg=0x10000000 cmp=com.cloudroom.CloudMeeting/.MainActivity (has extras)} from pid 682
I/ActivityManager(  471): Start proc com.cloudroom.CloudMeeting for activity com.cloudroom.CloudMeeting/.MainActivity: pid=1930 uid=10075 gids={50075, 3003, 1028, 1015}
I/ActivityManager(  471): moveTaskToBack: 2
W/NativeCrashListener(  471): Couldn't find ProcessRecord for pid 142
I/BootReceiver(  471): Copying /data/tombstones/tombstone_06 to DropBox (SYSTEM_TOMBSTONE)
W/Vold    (  133): subsystem found in netlink event
D/Vold    (  133): usb, 2
W/Vold    (  133): subsystem found in netlink event
D/Vold    (  133): usb, 2
W/Vold    (  133): subsystem found in netlink event
D/Vold    (  133): usb, 2
W/Vold    (  133): subsystem found in netlink event
D/Vold    (  133): usb, 2
W/Vold    (  133): subsystem found in netlink event
D/Vold    (  133): usb, 2
D/DirectVolume(  133): Volume external_sd /mnt/external_sd partition 179:33 removed
I/Vold    (  133): Error(call No.1) opening /sys/sd-sdio/rescan in the file of VOlume.cpp
D/Vold    (  133): Volume external_sd state changing 4 (Mounted) -> 5 (Unmounting)
I/MountService(  471): onEvent:: raw= 632 Volume external_sd /mnt/external_sd bad removal (179:33) cooked =  632 Volume external_sd /mnt/external_sd bad removal (179:33)
I/MountService(  471): Sending unmounted event first
D/MountService(  471): volume state changed for /mnt/external_sd (mounted -> unmounted)
D/MountService(  471): sendStorageIntent Intent { act=android.intent.action.MEDIA_UNMOUNTED dat=file:///mnt/external_sd (has extras) } to UserHandle{-1}
I/MountService(  471): Sending media bad removal
D/MountService(  471): volume state changed for /mnt/external_sd (unmounted -> bad_removal)
D/MountService(  471): sendStorageIntent Intent { act=android.intent.action.MEDIA_BAD_REMOVAL dat=file:///mnt/external_sd (has extras) } to UserHandle{-1}
I/ActivityManager(  471): Start proc com.android.externalstorage for broadcast com.android.externalstorage/.MountReceiver: pid=2167 uid=10006 gids={50006, 1028, 1015, 1023}
I/MountService(  471): onEvent:: raw= 605 Volume external_sd /mnt/external_sd state changed from 4 (Mounted) to 5 (Unmounting) cooked =  605 Volume external_sd /mnt/external_sd state changed from 4 (Mounted) to 5 (Unmounting)
I/MountService(  471): notifyVolumeStateChange::bad_removal
D/MountService(  471): sendStorageIntent Intent { act=android.intent.action.MEDIA_EJECT dat=file:///mnt/external_sd (has extras) } to UserHandle{-1}
I/Vold    (  133): /mnt/external_sd sucessfully unmounted
I/Vold    (  133): Error(call No.2) opening /sys/sd-sdio/rescan in the file of VOlume.cpp
I/Vold    (  133): /mnt/external_sd sucessfully unmounted
I/Vold    (  133): Error(call No.2) opening /sys/sd-sdio/rescan in the file of VOlume.cpp
I/Vold    (  133): /mnt/external_sd unmounted successfully
I/Vold    (  133): Error(call No.1) opening /sys/sd-sdio/rescan in the file of VOlume.cpp
D/Vold    (  133): Volume external_sd state changing 5 (Unmounting) -> 1 (Idle-Unmounted)
D/DirectVolume(  133): Crisis averted
D/DirectVolume(  133): current mounted dev exist,access devicePath: /dev/block/vold/179:32 ;partitionNum: 1
E/Vold    (  133): Volume external_sd unmount request when not mounted
E/DirectVolume(  133): Failed to unmount volume on bad removal (Invalid argument)
E/DirectVolume(  133): handlePartitionRemoved,ready to unlink: /dev/block/vold/179:32
D/DirectVolume(  133): Volume external_sd /mnt/external_sd disk 179:32 removed
I/Vold    (  133): Error(call No.1) opening /sys/sd-sdio/rescan in the file of VOlume.cpp
D/Vold    (  133): Volume external_sd state changing 1 (Idle-Unmounted) -> 0 (No-Media)
I/MountService(  471): onEvent:: raw= 613 external_sd /mnt/external_sd cooked =  613 external_sd /mnt/external_sd
I/MountService(  471): onEvent:: raw= 614 external_sd /mnt/external_sd cooked =  614 external_sd /mnt/external_sd
I/MountService(  471): onEvent:: raw= 605 Volume external_sd /mnt/external_sd state changed from 5 (Unmounting) to 1 (Idle-Unmounted) cooked =  605 Volume external_sd /mnt/external_sd state changed from 5 (Unmounting) to 1 (Idle-Unmounted)
I/MountService(  471): notifyVolumeStateChange::bad_removal
I/MountService(  471): onEvent:: raw= 631 Volume external_sd /mnt/external_sd disk removed (179:32) cooked =  631 Volume external_sd /mnt/external_sd disk removed (179:32)
I/MountService(  471): onEvent:: raw= 605 Volume external_sd /mnt/external_sd state changed from 1 (Idle-Unmounted) to 0 (No-Media) cooked =  605 Volume external_sd /mnt/external_sd state changed from 1 (Idle-Unmounted) to 0 (No-Media)
I/MountService(  471): notifyVolumeStateChange::bad_removal
W/FileUtils( 1619): Failed to chmod(/mnt/internal_sd/baidu/pushservice/database/pushstat_4.1.1.107.db): libcore.io.ErrnoException: chmod failed: EPERM (Operation not permitted)
W/FileUtils( 1619): Failed to chmod(/mnt/internal_sd/baidu/pushservice/database/pushstat_4.1.1.107.db): libcore.io.ErrnoException: chmod failed: EPERM (Operation not permitted)
W/FileUtils( 1619): Failed to chmod(/mnt/internal_sd/baidu/pushservice/database/pushstat_4.1.1.107.db): libcore.io.ErrnoException: chmod failed: EPERM (Operation not permitted)
W/FileUtils( 1619): Failed to chmod(/mnt/internal_sd/baidu/pushservice/database/pushstat_4.1.1.107.db): libcore.io.ErrnoException: chmod failed: EPERM (Operation not permitted)
W/FileUtils( 1619): Failed to chmod(/mnt/internal_sd/baidu/pushservice/database/pushstat_4.1.1.107.db): libcore.io.ErrnoException: chmod failed: EPERM (Operation not permitted)
W/FileUtils( 1619): Failed to chmod(/mnt/internal_sd/baidu/pushservice/database/pushstat_4.1.1.107.db): libcore.io.ErrnoException: chmod failed: EPERM (Operation not permitted)
W/FileUtils( 1619): Failed to chmod(/mnt/internal_sd/baidu/pushservice/database/pushlappv2.db): libcore.io.ErrnoException: chmod failed: EPERM (Operation not permitted)
W/FileUtils( 1619): Failed to chmod(/mnt/internal_sd/baidu/pushservice/database/pushlappv2.db): libcore.io.ErrnoException: chmod failed: EPERM (Operation not permitted)
W/BackupManagerService(  471): dataChanged but no participant pkg='com.android.providers.settings' uid=10071
